Component: ARM Compiler 5.06 update 6 (build 750) Tool: armlink [4d35ed]

==============================================================================

Section Cross References

    main.o(.text) refers to user_sampling.o(.text) for sampling_entry
    main.o(.text) refers to gui_touch_driveranalog.o(i.GUI_TOUCH_Exec) for GUI_TOUCH_Exec
    main.o(.text) refers to os_time.o(.text) for OSTimeDlyHMSM
    main.o(.text) refers to gui_entry.o(.text) for gui_init
    main.o(.text) refers to gui_time.o(i.GUI_Delay) for GUI_Delay
    main.o(.text) refers to cpu_core.o(.text) for CPU_Init
    main.o(.text) refers to os_stat.o(.text) for OSStatTaskCPUUsageInit
    main.o(.text) refers to os_core.o(.text) for OSSchedRoundRobinCfg
    main.o(.text) refers to stm32f10x_rcc.o(.text) for RCC_AHBPeriphClockCmd
    main.o(.text) refers to gui_core.o(i.GUI_Init) for GUI_Init
    main.o(.text) refers to cpu_a.o(.text) for CPU_SR_Save
    main.o(.text) refers to os_task.o(.text) for OSTaskCreate
    main.o(.text) refers to delay.o(.text) for delay_init
    main.o(.text) refers to misc.o(.text) for NVIC_PriorityGroupConfig
    main.o(.text) refers to usart.o(.text) for uart_init
    main.o(.text) refers to led.o(.text) for LED_Init
    main.o(.text) refers to ili93xx.o(.text) for TFTLCD_Init
    main.o(.text) refers to key.o(.text) for KEY_Init
    main.o(.text) refers to malloc.o(.text) for mem_init
    main.o(.text) refers to touch.o(.text) for TP_Init
    main.o(.text) refers to adc.o(.text) for Adc_Init
    main.o(.text) refers to exti.o(.text) for EXTIX_Init
    main.o(.text) refers to flash.o(.text) for SPI_Flash_Init
    main.o(.text) refers to os_var.o(.data) for OSSchedLockNestingCtr
    main.o(.text) refers to main.o(.bss) for EMWINDEMO_TASK_STK
    system_stm32f10x.o(.text) refers to system_stm32f10x.o(.data) for SystemCoreClock
    led.o(.text) refers to stm32f10x_rcc.o(.text) for RCC_APB2PeriphClockCmd
    led.o(.text) refers to stm32f10x_gpio.o(.text) for GPIO_Init
    key.o(.text) refers to stm32f10x_rcc.o(.text) for RCC_APB2PeriphClockCmd
    key.o(.text) refers to stm32f10x_gpio.o(.text) for GPIO_Init
    key.o(.text) refers to delay.o(.text) for delay_ms
    key.o(.text) refers to key.o(.data) for key_up
    ili93xx.o(.text) refers to _printf_percent.o(.ARM.Collect$$_printf_percent$$00000000) for _printf_percent
    ili93xx.o(.text) refers to _printf_x.o(.ARM.Collect$$_printf_percent$$0000000C) for _printf_x
    ili93xx.o(.text) refers to _printf_hex_int.o(.text) for _printf_longlong_hex
    ili93xx.o(.text) refers to stm32f10x_gpio.o(.text) for GPIO_ResetBits
    ili93xx.o(.text) refers to delay.o(.text) for delay_us
    ili93xx.o(.text) refers to ili93xx.o(.bss) for lcddev
    ili93xx.o(.text) refers to ili93xx.o(.data) for POINT_COLOR
    ili93xx.o(.text) refers to stm32f10x_rcc.o(.text) for RCC_APB2PeriphClockCmd
    ili93xx.o(.text) refers to noretval__2printf.o(.text) for __2printf
    ili93xx.o(.text) refers to ili93xx.o(.constdata) for asc2_1206
    myiic.o(.text) refers to stm32f10x_rcc.o(.text) for RCC_APB2PeriphClockCmd
    myiic.o(.text) refers to stm32f10x_gpio.o(.text) for GPIO_Init
    myiic.o(.text) refers to delay.o(.text) for delay_us
    24cxx.o(.text) refers to myiic.o(.text) for IIC_Init
    24cxx.o(.text) refers to delay.o(.text) for delay_ms
    spi.o(.text) refers to stm32f10x_spi.o(.text) for SPI_I2S_GetFlagStatus
    spi.o(.text) refers to stm32f10x_rcc.o(.text) for RCC_APB2PeriphClockCmd
    spi.o(.text) refers to stm32f10x_gpio.o(.text) for GPIO_Init
    spi.o(.text) refers to spi.o(.bss) for SPI_InitStructure
    ctiic.o(.text) refers to delay.o(.text) for delay_us
    gt9147.o(.text) refers to _printf_percent.o(.ARM.Collect$$_printf_percent$$00000000) for _printf_percent
    gt9147.o(.text) refers to _printf_s.o(.ARM.Collect$$_printf_percent$$00000014) for _printf_s
    gt9147.o(.text) refers to _printf_str.o(.text) for _printf_str
    gt9147.o(.text) refers to _printf_d.o(.ARM.Collect$$_printf_percent$$00000009) for _printf_d
    gt9147.o(.text) refers to _printf_dec.o(.text) for _printf_int_dec
    gt9147.o(.text) refers to ctiic.o(.text) for CT_IIC_Start
    gt9147.o(.text) refers to delay.o(.text) for delay_ms
    gt9147.o(.text) refers to noretval__2printf.o(.text) for __2printf
    gt9147.o(.text) refers to strcmpv7m.o(.text) for strcmp
    gt9147.o(.text) refers to gt9147.o(.constdata) for GT9147_CFG_TBL
    gt9147.o(.text) refers to gt9147.o(.data) for t
    gt9147.o(.text) refers to touch.o(.data) for tp_dev
    ott2001a.o(.text) refers to _printf_percent.o(.ARM.Collect$$_printf_percent$$00000000) for _printf_percent
    ott2001a.o(.text) refers to _printf_x.o(.ARM.Collect$$_printf_percent$$0000000C) for _printf_x
    ott2001a.o(.text) refers to _printf_hex_int.o(.text) for _printf_longlong_hex
    ott2001a.o(.text) refers to ctiic.o(.text) for CT_IIC_Start
    ott2001a.o(.text) refers to stm32f10x_rcc.o(.text) for RCC_APB2PeriphClockCmd
[...]
    0x0802354c   0x0802354c   0x00000010   Data   RO         2093    .constdata          STemWin526_CM3_OS_Keil.lib(f16b_ascii.o)
    0x0802355c   0x0802355c   0x00000010   Data   RO         2094    .constdata          STemWin526_CM3_OS_Keil.lib(f16b_ascii.o)
    0x0802356c   0x0802356c   0x00000020   Data   RO         2095    .constdata          STemWin526_CM3_OS_Keil.lib(f16b_ascii.o)
    0x0802358c   0x0802358c   0x00000010   Data   RO         2096    .constdata          STemWin526_CM3_OS_Keil.lib(f16b_ascii.o)
    0x0802359c   0x0802359c   0x00000010   Data   RO         2097    .constdata          STemWin526_CM3_OS_Keil.lib(f16b_ascii.o)
    0x080235ac   0x080235ac   0x00000010   Data   RO         2098    .constdata          STemWin526_CM3_OS_Keil.lib(f16b_ascii.o)
    0x080235bc   0x080235bc   0x00000010   Data   RO         2099    .constdata          STemWin526_CM3_OS_Keil.lib(f16b_ascii.o)
    0x080235cc   0x080235cc   0x00000010   Data   RO         2100    .constdata          STemWin526_CM3_OS_Keil.lib(f16b_ascii.o)
    0x080235dc   0x080235dc   0x00000010   Data   RO         2101    .constdata          STemWin526_CM3_OS_Keil.lib(f16b_ascii.o)
    0x080235ec   0x080235ec   0x00000010   Data   RO         2102    .constdata          STemWin526_CM3_OS_Keil.lib(f16b_ascii.o)
    0x080235fc   0x080235fc   0x000002f8   Data   RO         2103    .constdata          STemWin526_CM3_OS_Keil.lib(f16b_ascii.o)
    0x080238f4   0x080238f4   0x0000000c   Data   RO         2104    .constdata          STemWin526_CM3_OS_Keil.lib(f16b_ascii.o)
    0x08023900   0x08023900   0x00000024   Data   RO         2105    .constdata          STemWin526_CM3_OS_Keil.lib(f16b_ascii.o)
    0x08023924   0x08023924   0x00000012   Data   RO         2106    .constdata          STemWin526_CM3_OS_Keil.lib(fcomic18b_1.o)
    0x08023936   0x08023936   0x00000012   Data   RO         2107    .constdata          STemWin526_CM3_OS_Keil.lib(fcomic18b_1.o)
    0x08023948   0x08023948   0x00000024   Data   RO         2108    .constdata          STemWin526_CM3_OS_Keil.lib(fcomic18b_1.o)
    0x0802396c   0x0802396c   0x00000024   Data   RO         2109    .constdata          STemWin526_CM3_OS_Keil.lib(fcomic18b_1.o)
    0x08023990   0x08023990   0x00000024   Data   RO         2110    .constdata          STemWin526_CM3_OS_Keil.lib(fcomic18b_1.o)
    0x080239b4   0x080239b4   0x00000024   Data   RO         2111    .constdata          STemWin526_CM3_OS_Keil.lib(fcomic18b_1.o)
    0x080239d8   0x080239d8   0x00000012   Data   RO         2112    .constdata          STemWin526_CM3_OS_Keil.lib(fcomic18b_1.o)
    0x080239ea   0x080239ea   0x00000024   Data   RO         2113    .constdata          STemWin526_CM3_OS_Keil.lib(fcomic18b_1.o)
    0x08023a0e   0x08023a0e   0x00000024   Data   RO         2114    .constdata          STemWin526_CM3_OS_Keil.lib(fcomic18b_1.o)
    0x08023a32   0x08023a32   0x00000024   Data   RO         2115    .constdata          STemWin526_CM3_OS_Keil.lib(fcomic18b_1.o)
    0x08023a56   0x08023a56   0x00000012   Data   RO         2116    .constdata          STemWin526_CM3_OS_Keil.lib(fcomic18b_1.o)
    0x08023a68   0x08023a68   0x00000024   Data   RO         2117    .constdata          STemWin526_CM3_OS_Keil.lib(fcomic18b_1.o)
    0x08023a8c   0x08023a8c   0x00000024   Data   RO         2118    .constdata          STemWin526_CM3_OS_Keil.lib(fcomic18b_1.o)
    0x08023ab0   0x08023ab0   0x00000012   Data   RO         2119    .constdata          STemWin526_CM3_OS_Keil.lib(fcomic18b_1.o)
    0x08023ac2   0x08023ac2   0x00000024   Data   RO         2120    .constdata          STemWin526_CM3_OS_Keil.lib(fcomic18b_1.o)
    0x08023ae6   0x08023ae6   0x00000024   Data   RO         2121    .constdata          STemWin526_CM3_OS_Keil.lib(fcomic18b_1.o)
    0x08023b0a   0x08023b0a   0x00000012   Data   RO         2122    .constdata          STemWin526_CM3_OS_Keil.lib(fcomic18b_1.o)
    0x08023b1c   0x08023b1c   0x00000012   Data   RO         2123    .constdata          STemWin526_CM3_OS_Keil.lib(fcomic18b_1.o)
    0x08023b2e   0x08023b2e   0x00000024   Data   RO         2124    .constdata          STemWin526_CM3_OS_Keil.lib(fcomic18b_1.o)
    0x08023b52   0x08023b52   0x00000024   Data   RO         2125    .constdata          STemWin526_CM3_OS_Keil.lib(fcomic18b_1.o)
    0x08023b76   0x08023b76   0x00000012   Data   RO         2126    .constdata          STemWin526_CM3_OS_Keil.lib(fcomic18b_1.o)
    0x08023b88   0x08023b88   0x00000012   Data   RO         2127    .constdata          STemWin526_CM3_OS_Keil.lib(fcomic18b_1.o)
    0x08023b9a   0x08023b9a   0x00000024   Data   RO         2128    .constdata          STemWin526_CM3_OS_Keil.lib(fcomic18b_1.o)
    0x08023bbe   0x08023bbe   0x00000012   Data   RO         2129    .constdata          STemWin526_CM3_OS_Keil.lib(fcomic18b_1.o)
    0x08023bd0   0x08023bd0   0x00000024   Data   RO         2130    .constdata          STemWin526_CM3_OS_Keil.lib(fcomic18b_1.o)
    0x08023bf4   0x08023bf4   0x00000024   Data   RO         2131    .constdata          STemWin526_CM3_OS_Keil.lib(fcomic18b_1.o)
    0x08023c18   0x08023c18   0x00000012   Data   RO         2132    .constdata          STemWin526_CM3_OS_Keil.lib(fcomic18b_1.o)
    0x08023c2a   0x08023c2a   0x00000024   Data   RO         2133    .constdata          STemWin526_CM3_OS_Keil.lib(fcomic18b_1.o)
    0x08023c4e   0x08023c4e   0x00000024   Data   RO         2134    .constdata          STemWin526_CM3_OS_Keil.lib(fcomic18b_1.o)
    0x08023c72   0x08023c72   0x00000024   Data   RO         2135    .constdata          STemWin526_CM3_OS_Keil.lib(fcomic18b_1.o)
    0x08023c96   0x08023c96   0x00000024   Data   RO         2136    .constdata          STemWin526_CM3_OS_Keil.lib(fcomic18b_1.o)
    0x08023cba   0x08023cba   0x00000024   Data   RO         2137    .constdata          STemWin526_CM3_OS_Keil.lib(fcomic18b_1.o)
    0x08023cde   0x08023cde   0x00000024   Data   RO         2138    .constdata          STemWin526_CM3_OS_Keil.lib(fcomic18b_1.o)
    0x08023d02   0x08023d02   0x00000024   Data   RO         2139    .constdata          STemWin526_CM3_OS_Keil.lib(fcomic18b_1.o)
    0x08023d26   0x08023d26   0x00000024   Data   RO         2140    .constdata          STemWin526_CM3_OS_Keil.lib(fcomic18b_1.o)
    0x08023d4a   0x08023d4a   0x00000024   Data   RO         2141    .constdata          STemWin526_CM3_OS_Keil.lib(fcomic18b_1.o)
    0x08023d6e   0x08023d6e   0x00000024   Data   RO         2142    .constdata          STemWin526_CM3_OS_Keil.lib(fcomic18b_1.o)
    0x08023d92   0x08023d92   0x00000024   Data   RO         2143    .constdata          STemWin526_CM3_OS_Keil.lib(fcomic18b_1.o)
    0x08023db6   0x08023db6   0x00000036   Data   RO         2144    .constdata          STemWin526_CM3_OS_Keil.lib(fcomic18b_1.o)
    0x08023dec   0x08023dec   0x00000024   Data   RO         2145    .constdata          STemWin526_CM3_OS_Keil.lib(fcomic18b_1.o)
    0x08023e10   0x08023e10   0x00000024   Data   RO         2146    .constdata          STemWin526_CM3_OS_Keil.lib(fcomic18b_1.o)
    0x08023e34   0x08023e34   0x00000024   Data   RO         2147    .constdata          STemWin526_CM3_OS_Keil.lib(fcomic18b_1.o)
    0x08023e58   0x08023e58   0x00000024   Data   RO         2148    .constdata          STemWin526_CM3_OS_Keil.lib(fcomic18b_1.o)
    0x08023e7c   0x08023e7c   0x00000024   Data   RO         2149    .constdata          STemWin526_CM3_OS_Keil.lib(fcomic18b_1.o)
    0x08023ea0   0x08023ea0   0x00000024   Data   RO         2150    .constdata          STemWin526_CM3_OS_Keil.lib(fcomic18b_1.o)
    0x08023ec4   0x08023ec4   0x00000024   Data   RO         2151    .constdata          STemWin526_CM3_OS_Keil.lib(fcomic18b_1.o)
    0x08023ee8   0x08023ee8   0x00000024   Data   RO         2152    .constdata          STemWin526_CM3_OS_Keil.lib(fcomic18b_1.o)
    0x08023f0c   0x08023f0c   0x00000024   Data   RO         2153    .constdata          STemWin526_CM3_OS_Keil.lib(fcomic18b_1.o)
    0x08023f30   0x08023f30   0x00000024   Data   RO         2154    .constdata          STemWin526_CM3_OS_Keil.lib(fcomic18b_1.o)
    0x08023f54   0x08023f54   0x00000024   Data   RO         2155    .constdata          STemWin526_CM3_OS_Keil.lib(fcomic18b_1.o)
    0x08023f78   0x08023f78   0x00000024   Data   RO         2156    .constdata          STemWin526_CM3_OS_Keil.lib(fcomic18b_1.o)
    0x08023f9c   0x08023f9c   0x00000024   Data   RO         2157    .constdata          STemWin526_CM3_OS_Keil.lib(fcomic18b_1.o)
    0x08023fc0   0x08023fc0   0x00000024   Data   RO         2158    .constdata          STemWin526_CM3_OS_Keil.lib(fcomic18b_1.o)
    0x08023fe4   0x08023fe4   0x00000024   Data   RO         2159    .constdata          STemWin526_CM3_OS_Keil.lib(fcomic18b_1.o)
    0x08024008   0x08024008   0x00000024   Data   RO         2160    .constdata          STemWin526_CM3_OS_Keil.lib(fcomic18b_1.o)
    0x0802402c   0x0802402c   0x00000012   Data   RO         2161    .constdata          STemWin526_CM3_OS_Keil.lib(fcomic18b_1.o)
    0x0802403e   0x0802403e   0x00000024   Data   RO         2162    .constdata          STemWin526_CM3_OS_Keil.lib(fcomic18b_1.o)
    0x08024062   0x08024062   0x00000024   Data   RO         2163    .constdata          STemWin526_CM3_OS_Keil.lib(fcomic18b_1.o)
    0x08024086   0x08024086   0x00000024   Data   RO         2164    .constdata          STemWin526_CM3_OS_Keil.lib(fcomic18b_1.o)
    0x080240aa   0x080240aa   0x00000024   Data   RO         2165    .constdata          STemWin526_CM3_OS_Keil.lib(fcomic18b_1.o)
    0x080240ce   0x080240ce   0x00000024   Data   RO         2166    .constdata          STemWin526_CM3_OS_Keil.lib(fcomic18b_1.o)
    0x080240f2   0x080240f2   0x00000024   Data   RO         2167    .constdata          STemWin526_CM3_OS_Keil.lib(fcomic18b_1.o)
    0x08024116   0x08024116   0x00000012   Data   RO         2168    .constdata          STemWin526_CM3_OS_Keil.lib(fcomic18b_1.o)
    0x08024128   0x08024128   0x00000012   Data   RO         2169    .constdata          STemWin526_CM3_OS_Keil.lib(fcomic18b_1.o)
    0x0802413a   0x0802413a   0x00000012   Data   RO         2170    .constdata          STemWin526_CM3_OS_Keil.lib(fcomic18b_1.o)
    0x0802414c   0x0802414c   0x00000012   Data   RO         2171    .constdata          STemWin526_CM3_OS_Keil.lib(fcomic18b_1.o)
    0x0802415e   0x0802415e   0x00000012   Data   RO         2172    .constdata          STemWin526_CM3_OS_Keil.lib(fcomic18b_1.o)
    0x08024170   0x08024170   0x00000012   Data   RO         2173    .constdata          STemWin526_CM3_OS_Keil.lib(fcomic18b_1.o)
    0x08024182   0x08024182   0x00000012   Data   RO         2174    .constdata          STemWin526_CM3_OS_Keil.lib(fcomic18b_1.o)
    0x08024194   0x08024194   0x00000012   Data   RO         2175    .constdata          STemWin526_CM3_OS_Keil.lib(fcomic18b_1.o)
    0x080241a6   0x080241a6   0x00000024   Data   RO         2176    .constdata          STemWin526_CM3_OS_Keil.lib(fcomic18b_1.o)
    0x080241ca   0x080241ca   0x00000012   Data   RO         2177    .constdata          STemWin526_CM3_OS_Keil.lib(fcomic18b_1.o)
    0x080241dc   0x080241dc   0x00000012   Data   RO         2178    .constdata          STemWin526_CM3_OS_Keil.lib(fcomic18b_1.o)
    0x080241ee   0x080241ee   0x00000012   Data   RO         2179    .constdata          STemWin526_CM3_OS_Keil.lib(fcomic18b_1.o)
    0x08024200   0x08024200   0x00000012   Data   RO         2180    .constdata          STemWin526_CM3_OS_Keil.lib(fcomic18b_1.o)
    0x08024212   0x08024212   0x00000012   Data   RO         2181    .constdata          STemWin526_CM3_OS_Keil.lib(fcomic18b_1.o)
    0x08024224   0x08024224   0x00000012   Data   RO         2182    .constdata          STemWin526_CM3_OS_Keil.lib(fcomic18b_1.o)
    0x08024236   0x08024236   0x00000012   Data   RO         2183    .constdata          STemWin526_CM3_OS_Keil.lib(fcomic18b_1.o)
    0x08024248   0x08024248   0x00000012   Data   RO         2184    .constdata          STemWin526_CM3_OS_Keil.lib(fcomic18b_1.o)
    0x0802425a   0x0802425a   0x00000012   Data   RO         2185    .constdata          STemWin526_CM3_OS_Keil.lib(fcomic18b_1.o)
    0x0802426c   0x0802426c   0x00000012   Data   RO         2186    .constdata          STemWin526_CM3_OS_Keil.lib(fcomic18b_1.o)
    0x0802427e   0x0802427e   0x00000012   Data   RO         2187    .constdata          STemWin526_CM3_OS_Keil.lib(fcomic18b_1.o)
    0x08024290   0x08024290   0x00000012   Data   RO         2188    .constdata          STemWin526_CM3_OS_Keil.lib(fcomic18b_1.o)
    0x080242a2   0x080242a2   0x00000012   Data   RO         2189    .constdata          STemWin526_CM3_OS_Keil.lib(fcomic18b_1.o)
    0x080242b4   0x080242b4   0x00000012   Data   RO         2190    .constdata          STemWin526_CM3_OS_Keil.lib(fcomic18b_1.o)
    0x080242c6   0x080242c6   0x00000012   Data   RO         2191    .constdata          STemWin526_CM3_OS_Keil.lib(fcomic18b_1.o)
    0x080242d8   0x080242d8   0x00000012   Data   RO         2192    .constdata          STemWin526_CM3_OS_Keil.lib(fcomic18b_1.o)
    0x080242ea   0x080242ea   0x00000024   Data   RO         2193    .constdata          STemWin526_CM3_OS_Keil.lib(fcomic18b_1.o)
    0x0802430e   0x0802430e   0x00000012   Data   RO         2194    .constdata          STemWin526_CM3_OS_Keil.lib(fcomic18b_1.o)
    0x08024320   0x08024320   0x00000012   Data   RO         2195    .constdata          STemWin526_CM3_OS_Keil.lib(fcomic18b_1.o)
    0x08024332   0x08024332   0x00000012   Data   RO         2196    .constdata          STemWin526_CM3_OS_Keil.lib(fcomic18b_1.o)
    0x08024344   0x08024344   0x00000012   Data   RO         2197    .constdata          STemWin526_CM3_OS_Keil.lib(fcomic18b_1.o)
    0x08024356   0x08024356   0x00000012   Data   RO         2198    .constdata          STemWin526_CM3_OS_Keil.lib(fcomic18b_1.o)
    0x08024368   0x08024368   0x00000024   Data   RO         2199    .constdata          STemWin526_CM3_OS_Keil.lib(fcomic18b_1.o)
    0x0802438c   0x0802438c   0x00000024   Data   RO         2200    .constdata          STemWin526_CM3_OS_Keil.lib(fcomic18b_1.o)
    0x080243b0   0x080243b0   0x00000024   Data   RO         2201    .constdata          STemWin526_CM3_OS_Keil.lib(fcomic18b_1.o)
    0x080243d4   0x080243d4   0x00000608   Data   RO         2202    .constdata          STemWin526_CM3_OS_Keil.lib(fcomic18b_1.o)
    0x080249dc   0x080249dc   0x0000000c   Data   RO         2203    .constdata          STemWin526_CM3_OS_Keil.lib(fcomic18b_1.o)
    0x080249e8   0x080249e8   0x0000000c   Data   RO         2204    .constdata          STemWin526_CM3_OS_Keil.lib(fcomic18b_1.o)
    0x080249f4   0x080249f4   0x00000024   Data   RO         2205    .constdata          STemWin526_CM3_OS_Keil.lib(fcomic18b_1.o)
    0x08024a18   0x08024a18   0x00000074   Data   RO         2223    .constdata          STemWin526_CM3_OS_Keil.lib(guidev_16.o)
    0x08024a8c   0x08024a8c   0x00000020   Data   RO         2486    .constdata          STemWin526_CM3_OS_Keil.lib(gui__divtbl_31_255.o)
    0x08024aac   0x08024aac   0x00000040   Data   RO         2487    .constdata          STemWin526_CM3_OS_Keil.lib(gui__divtbl_63_255.o)
    0x08024aec   0x08024aec   0x00000100   Data   RO         2488    .constdata          STemWin526_CM3_OS_Keil.lib(gui__divtbl_255_31.o)
    0x08024bec   0x08024bec   0x00000100   Data   RO         2489    .constdata          STemWin526_CM3_OS_Keil.lib(gui__divtbl_255_63.o)
    0x08024cec   0x08024cec   0x00000010   Data   RO         2623    .constdata          STemWin526_CM3_OS_Keil.lib(gui_uc_encodenone.o)
    0x08024cfc   0x08024cfc   0x0000000c   Data   RO         2660    .constdata          STemWin526_CM3_OS_Keil.lib(lcd.o)
    0x08024d08   0x08024d08   0x00000100   Data   RO         2695    .constdata          STemWin526_CM3_OS_Keil.lib(lcd_mirror.o)
    0x08024e08   0x08024e08   0x0000000d   Data   RO         2698    .constdata          STemWin526_CM3_OS_Keil.lib(f13_1.o)
    0x08024e15   0x08024e15   0x0000000d   Data   RO         2699    .constdata          STemWin526_CM3_OS_Keil.lib(f13_1.o)
    0x08024e22   0x08024e22   0x0000000d   Data   RO         2700    .constdata          STemWin526_CM3_OS_Keil.lib(f13_1.o)
    0x08024e2f   0x08024e2f   0x0000000d   Data   RO         2701    .constdata          STemWin526_CM3_OS_Keil.lib(f13_1.o)
    0x08024e3c   0x08024e3c   0x0000000d   Data   RO         2702    .constdata          STemWin526_CM3_OS_Keil.lib(f13_1.o)
    0x08024e49   0x08024e49   0x0000000d   Data   RO         2703    .constdata          STemWin526_CM3_OS_Keil.lib(f13_1.o)
    0x08024e56   0x08024e56   0x0000000d   Data   RO         2704    .constdata          STemWin526_CM3_OS_Keil.lib(f13_1.o)
    0x08024e63   0x08024e63   0x0000000d   Data   RO         2705    .constdata          STemWin526_CM3_OS_Keil.lib(f13_1.o)
    0x08024e70   0x08024e70   0x0000000d   Data   RO         2706    .constdata          STemWin526_CM3_OS_Keil.lib(f13_1.o)
    0x08024e7d   0x08024e7d   0x0000001a   Data   RO         2707    .constdata          STemWin526_CM3_OS_Keil.lib(f13_1.o)
    0x08024e97   0x08024e97   0x0000000d   Data   RO         2708    .constdata          STemWin526_CM3_OS_Keil.lib(f13_1.o)
    0x08024ea4   0x08024ea4   0x0000000d   Data   RO         2709    .constdata          STemWin526_CM3_OS_Keil.lib(f13_1.o)
    0x08024eb1   0x08024eb1   0x0000000d   Data   RO         2710    .constdata          STemWin526_CM3_OS_Keil.lib(f13_1.o)
    0x08024ebe   0x08024ebe   0x0000000d   Data   RO         2711    .constdata          STemWin526_CM3_OS_Keil.lib(f13_1.o)
    0x08024ecb   0x08024ecb   0x0000001a   Data   RO         2712    .constdata          STemWin526_CM3_OS_Keil.lib(f13_1.o)
    0x08024ee5   0x08024ee5   0x0000000d   Data   RO         2713    .constdata          STemWin526_CM3_OS_Keil.lib(f13_1.o)
    0x08024ef2   0x08024ef2   0x0000000d   Data   RO         2714    .constdata          STemWin526_CM3_OS_Keil.lib(f13_1.o)
    0x08024eff   0x08024eff   0x0000000d   Data   RO         2715    .constdata          STemWin526_CM3_OS_Keil.lib(f13_1.o)
    0x08024f0c   0x08024f0c   0x0000000d   Data   RO         2716    .constdata          STemWin526_CM3_OS_Keil.lib(f13_1.o)
    0x08024f19   0x08024f19   0x0000000d   Data   RO         2717    .constdata          STemWin526_CM3_OS_Keil.lib(f13_1.o)
    0x08024f26   0x08024f26   0x0000000d   Data   RO         2718    .constdata          STemWin526_CM3_OS_Keil.lib(f13_1.o)
    0x08024f33   0x08024f33   0x0000000d   Data   RO         2719    .constdata          STemWin526_CM3_OS_Keil.lib(f13_1.o)
    0x08024f40   0x08024f40   0x0000000d   Data   RO         2720    .constdata          STemWin526_CM3_OS_Keil.lib(f13_1.o)
    0x08024f4d   0x08024f4d   0x0000000d   Data   RO         2721    .constdata          STemWin526_CM3_OS_Keil.lib(f13_1.o)
    0x08024f5a   0x08024f5a   0x0000000d   Data   RO         2722    .constdata          STemWin526_CM3_OS_Keil.lib(f13_1.o)
    0x08024f67   0x08024f67   0x0000000d   Data   RO         2723    .constdata          STemWin526_CM3_OS_Keil.lib(f13_1.o)
    0x08024f74   0x08024f74   0x0000000d   Data   RO         2724    .constdata          STemWin526_CM3_OS_Keil.lib(f13_1.o)
    0x08024f81   0x08024f81   0x0000000d   Data   RO         2725    .constdata          STemWin526_CM3_OS_Keil.lib(f13_1.o)
    0x08024f8e   0x08024f8e   0x0000001a   Data   RO         2726    .constdata          STemWin526_CM3_OS_Keil.lib(f13_1.o)
    0x08024fa8   0x08024fa8   0x0000001a   Data   RO         2727    .constdata          STemWin526_CM3_OS_Keil.lib(f13_1.o)
    0x08024fc2   0x08024fc2   0x0000001a   Data   RO         2728    .constdata          STemWin526_CM3_OS_Keil.lib(f13_1.o)
    0x08024fdc   0x08024fdc   0x0000000d   Data   RO         2729    .constdata          STemWin526_CM3_OS_Keil.lib(f13_1.o)
    0x08024fe9   0x08024fe9   0x0000000d   Data   RO         2730    .constdata          STemWin526_CM3_OS_Keil.lib(f13_1.o)
    0x08024ff6   0x08024ff6   0x0000000d   Data   RO         2731    .constdata          STemWin526_CM3_OS_Keil.lib(f13_1.o)
    0x08025003   0x08025003   0x0000000d   Data   RO         2732    .constdata          STemWin526_CM3_OS_Keil.lib(f13_1.o)
    0x08025010   0x08025010   0x0000000d   Data   RO         2733    .constdata          STemWin526_CM3_OS_Keil.lib(f13_1.o)
    0x0802501d   0x0802501d   0x0000000d   Data   RO         2734    .constdata          STemWin526_CM3_OS_Keil.lib(f13_1.o)
    0x0802502a   0x0802502a   0x0000000d   Data   RO         2735    .constdata          STemWin526_CM3_OS_Keil.lib(f13_1.o)
    0x08025037   0x08025037   0x0000001a   Data   RO         2736    .constdata          STemWin526_CM3_OS_Keil.lib(f13_1.o)
    0x08025051   0x08025051   0x0000000d   Data   RO         2737    .constdata          STemWin526_CM3_OS_Keil.lib(f13_1.o)
    0x0802505e   0x0802505e   0x0000000d   Data   RO         2738    .constdata          STemWin526_CM3_OS_Keil.lib(f13_1.o)
    0x0802506b   0x0802506b   0x0000000d   Data   RO         2739    .constdata          STemWin526_CM3_OS_Keil.lib(f13_1.o)
    0x08025078   0x08025078   0x0000000d   Data   RO         2740    .constdata          STemWin526_CM3_OS_Keil.lib(f13_1.o)
    0x08025085   0x08025085   0x0000000d   Data   RO         2741    .constdata          STemWin526_CM3_OS_Keil.lib(f13_1.o)
    0x08025092   0x08025092   0x0000000d   Data   RO         2742    .constdata          STemWin526_CM3_OS_Keil.lib(f13_1.o)
    0x0802509f   0x0802509f   0x0000000d   Data   RO         2743    .constdata          STemWin526_CM3_OS_Keil.lib(f13_1.o)
    0x080250ac   0x080250ac   0x0000000d   Data   RO         2744    .constdata          STemWin526_CM3_OS_Keil.lib(f13_1.o)
    0x080250b9   0x080250b9   0x0000000d   Data   RO         2745    .constdata          STemWin526_CM3_OS_Keil.lib(f13_1.o)
    0x080250c6   0x080250c6   0x0000000d   Data   RO         2746    .constdata          STemWin526_CM3_OS_Keil.lib(f13_1.o)
    0x080250d3   0x080250d3   0x0000000d   Data   RO         2747    .constdata          STemWin526_CM3_OS_Keil.lib(f13_1.o)
    0x080250e0   0x080250e0   0x0000000d   Data   RO         2748    .constdata          STemWin526_CM3_OS_Keil.lib(f13_1.o)
    0x080250ed   0x080250ed   0x0000000d   Data   RO         2749    .constdata          STemWin526_CM3_OS_Keil.lib(f13_1.o)
    0x080250fa   0x080250fa   0x0000000d   Data   RO         2750    .constdata          STemWin526_CM3_OS_Keil.lib(f13_1.o)
    0x08025107   0x08025107   0x0000000d   Data   RO         2751    .constdata          STemWin526_CM3_OS_Keil.lib(f13_1.o)
    0x08025114   0x08025114   0x0000000d   Data   RO         2752    .constdata          STemWin526_CM3_OS_Keil.lib(f13_1.o)
    0x08025121   0x08025121   0x0000000d   Data   RO         2753    .constdata          STemWin526_CM3_OS_Keil.lib(f13_1.o)
    0x0802512e   0x0802512e   0x0000000d   Data   RO         2754    .constdata          STemWin526_CM3_OS_Keil.lib(f13_1.o)
    0x0802513b   0x0802513b   0x0000000d   Data   RO         2755    .constdata          STemWin526_CM3_OS_Keil.lib(f13_1.o)
    0x08025148   0x08025148   0x0000000d   Data   RO         2756    .constdata          STemWin526_CM3_OS_Keil.lib(f13_1.o)
    0x08025155   0x08025155   0x0000000d   Data   RO         2757    .constdata          STemWin526_CM3_OS_Keil.lib(f13_1.o)
    0x08025162   0x08025162   0x0000000d   Data   RO         2758    .constdata          STemWin526_CM3_OS_Keil.lib(f13_1.o)
    0x0802516f   0x0802516f   0x0000000d   Data   RO         2759    .constdata          STemWin526_CM3_OS_Keil.lib(f13_1.o)
    0x0802517c   0x0802517c   0x0000000d   Data   RO         2760    .constdata          STemWin526_CM3_OS_Keil.lib(f13_1.o)
    0x08025189   0x08025189   0x0000000d   Data   RO         2761    .constdata          STemWin526_CM3_OS_Keil.lib(f13_1.o)
    0x08025196   0x08025196   0x0000000d   Data   RO         2762    .constdata          STemWin526_CM3_OS_Keil.lib(f13_1.o)
    0x080251a3   0x080251a3   0x0000000d   Data   RO         2763    .constdata          STemWin526_CM3_OS_Keil.lib(f13_1.o)
    0x080251b0   0x080251b0   0x0000000d   Data   RO         2764    .constdata          STemWin526_CM3_OS_Keil.lib(f13_1.o)
    0x080251bd   0x080251bd   0x0000000d   Data   RO         2765    .constdata          STemWin526_CM3_OS_Keil.lib(f13_1.o)
    0x080251ca   0x080251ca   0x0000000d   Data   RO         2766    .constdata          STemWin526_CM3_OS_Keil.lib(f13_1.o)
    0x080251d7   0x080251d7   0x0000000d   Data   RO         2767    .constdata          STemWin526_CM3_OS_Keil.lib(f13_1.o)
    0x080251e4   0x080251e4   0x0000001a   Data   RO         2768    .constdata          STemWin526_CM3_OS_Keil.lib(f13_1.o)
    0x080251fe   0x080251fe   0x0000000d   Data   RO         2769    .constdata          STemWin526_CM3_OS_Keil.lib(f13_1.o)
    0x0802520b   0x0802520b   0x0000000d   Data   RO         2770    .constdata          STemWin526_CM3_OS_Keil.lib(f13_1.o)
    0x08025218   0x08025218   0x0000000d   Data   RO         2771    .constdata          STemWin526_CM3_OS_Keil.lib(f13_1.o)
    0x08025225   0x08025225   0x0000000d   Data   RO         2772    .constdata          STemWin526_CM3_OS_Keil.lib(f13_1.o)
    0x08025232   0x08025232   0x0000000d   Data   RO         2773    .constdata          STemWin526_CM3_OS_Keil.lib(f13_1.o)
    0x0802523f   0x0802523f   0x0000000d   Data   RO         2774    .constdata          STemWin526_CM3_OS_Keil.lib(f13_1.o)
    0x0802524c   0x0802524c   0x0000000d   Data   RO         2775    .constdata          STemWin526_CM3_OS_Keil.lib(f13_1.o)
    0x08025259   0x08025259   0x0000000d   Data   RO         2776    .constdata          STemWin526_CM3_OS_Keil.lib(f13_1.o)
    0x08025266   0x08025266   0x0000000d   Data   RO         2777    .constdata          STemWin526_CM3_OS_Keil.lib(f13_1.o)
    0x08025273   0x08025273   0x0000000d   Data   RO         2778    .constdata          STemWin526_CM3_OS_Keil.lib(f13_1.o)
    0x08025280   0x08025280   0x0000000d   Data   RO         2779    .constdata          STemWin526_CM3_OS_Keil.lib(f13_1.o)
    0x0802528d   0x0802528d   0x0000000d   Data   RO         2780    .constdata          STemWin526_CM3_OS_Keil.lib(f13_1.o)
    0x0802529a   0x0802529a   0x0000000d   Data   RO         2781    .constdata          STemWin526_CM3_OS_Keil.lib(f13_1.o)
    0x080252a7   0x080252a7   0x0000000d   Data   RO         2782    .constdata          STemWin526_CM3_OS_Keil.lib(f13_1.o)
    0x080252b4   0x080252b4   0x0000000d   Data   RO         2783    .constdata          STemWin526_CM3_OS_Keil.lib(f13_1.o)
    0x080252c1   0x080252c1   0x0000000d   Data   RO         2784    .constdata          STemWin526_CM3_OS_Keil.lib(f13_1.o)
    0x080252ce   0x080252ce   0x0000000d   Data   RO         2785    .constdata          STemWin526_CM3_OS_Keil.lib(f13_1.o)
    0x080252db   0x080252db   0x0000000d   Data   RO         2786    .constdata          STemWin526_CM3_OS_Keil.lib(f13_1.o)
    0x080252e8   0x080252e8   0x0000000d   Data   RO         2787    .constdata          STemWin526_CM3_OS_Keil.lib(f13_1.o)
    0x080252f5   0x080252f5   0x0000000d   Data   RO         2788    .constdata          STemWin526_CM3_OS_Keil.lib(f13_1.o)
    0x08025302   0x08025302   0x0000000d   Data   RO         2789    .constdata          STemWin526_CM3_OS_Keil.lib(f13_1.o)
    0x0802530f   0x0802530f   0x0000000d   Data   RO         2790    .constdata          STemWin526_CM3_OS_Keil.lib(f13_1.o)
    0x0802531c   0x0802531c   0x0000000d   Data   RO         2791    .constdata          STemWin526_CM3_OS_Keil.lib(f13_1.o)
    0x08025329   0x08025329   0x0000000d   Data   RO         2792    .constdata          STemWin526_CM3_OS_Keil.lib(f13_1.o)
    0x08025336   0x08025336   0x0000000d   Data   RO         2793    .constdata          STemWin526_CM3_OS_Keil.lib(f13_1.o)
    0x08025343   0x08025343   0x00000001   PAD
    0x08025344   0x08025344   0x00000300   Data   RO         2794    .constdata          STemWin526_CM3_OS_Keil.lib(f13_1.o)
    0x08025644   0x08025644   0x0000000c   Data   RO         2795    .constdata          STemWin526_CM3_OS_Keil.lib(f13_1.o)
    0x08025650   0x08025650   0x00000024   Data   RO         2796    .constdata          STemWin526_CM3_OS_Keil.lib(f13_1.o)
    0x08025674   0x08025674   0x00000012   Data   RO         2797    .constdata          STemWin526_CM3_OS_Keil.lib(fcomic18b_ascii.o)
    0x08025686   0x08025686   0x00000012   Data   RO         2798    .constdata          STemWin526_CM3_OS_Keil.lib(fcomic18b_ascii.o)
    0x08025698   0x08025698   0x00000012   Data   RO         2799    .constdata          STemWin526_CM3_OS_Keil.lib(fcomic18b_ascii.o)
    0x080256aa   0x080256aa   0x00000024   Data   RO         2800    .constdata          STemWin526_CM3_OS_Keil.lib(fcomic18b_ascii.o)
    0x080256ce   0x080256ce   0x00000024   Data   RO         2801    .constdata          STemWin526_CM3_OS_Keil.lib(fcomic18b_ascii.o)
    0x080256f2   0x080256f2   0x00000024   Data   RO         2802    .constdata          STemWin526_CM3_OS_Keil.lib(fcomic18b_ascii.o)
    0x08025716   0x08025716   0x00000024   Data   RO         2803    .constdata          STemWin526_CM3_OS_Keil.lib(fcomic18b_ascii.o)
    0x0802573a   0x0802573a   0x00000012   Data   RO         2804    .constdata          STemWin526_CM3_OS_Keil.lib(fcomic18b_ascii.o)
    0x0802574c   0x0802574c   0x00000012   Data   RO         2805    .constdata          STemWin526_CM3_OS_Keil.lib(fcomic18b_ascii.o)
    0x0802575e   0x0802575e   0x00000012   Data   RO         2806    .constdata          STemWin526_CM3_OS_Keil.lib(fcomic18b_ascii.o)
    0x08025770   0x08025770   0x00000024   Data   RO         2807    .constdata          STemWin526_CM3_OS_Keil.lib(fcomic18b_ascii.o)
    0x08025794   0x08025794   0x00000012   Data   RO         2808    .constdata          STemWin526_CM3_OS_Keil.lib(fcomic18b_ascii.o)
    0x080257a6   0x080257a6   0x00000012   Data   RO         2809    .constdata          STemWin526_CM3_OS_Keil.lib(fcomic18b_ascii.o)
    0x080257b8   0x080257b8   0x00000012   Data   RO         2810    .constdata          STemWin526_CM3_OS_Keil.lib(fcomic18b_ascii.o)
    0x080257ca   0x080257ca   0x00000012   Data   RO         2811    .constdata          STemWin526_CM3_OS_Keil.lib(fcomic18b_ascii.o)
    0x080257dc   0x080257dc   0x00000024   Data   RO         2812    .constdata          STemWin526_CM3_OS_Keil.lib(fcomic18b_ascii.o)
    0x08025800   0x08025800   0x00000024   Data   RO         2813    .constdata          STemWin526_CM3_OS_Keil.lib(fcomic18b_ascii.o)
    0x08025824   0x08025824   0x00000012   Data   RO         2814    .constdata          STemWin526_CM3_OS_Keil.lib(fcomic18b_ascii.o)
    0x08025836   0x08025836   0x00000024   Data   RO         2815    .constdata          STemWin526_CM3_OS_Keil.lib(fcomic18b_ascii.o)
    0x0802585a   0x0802585a   0x00000024   Data   RO         2816    .constdata          STemWin526_CM3_OS_Keil.lib(fcomic18b_ascii.o)
    0x0802587e   0x0802587e   0x00000024   Data   RO         2817    .constdata          STemWin526_CM3_OS_Keil.lib(fcomic18b_ascii.o)
    0x080258a2   0x080258a2   0x00000024   Data   RO         2818    .constdata          STemWin526_CM3_OS_Keil.lib(fcomic18b_ascii.o)
    0x080258c6   0x080258c6   0x00000024   Data   RO         2819    .constdata          STemWin526_CM3_OS_Keil.lib(fcomic18b_ascii.o)
    0x080258ea   0x080258ea   0x00000024   Data   RO         2820    .constdata          STemWin526_CM3_OS_Keil.lib(fcomic18b_ascii.o)
    0x0802590e   0x0802590e   0x00000024   Data   RO         2821    .constdata          STemWin526_CM3_OS_Keil.lib(fcomic18b_ascii.o)
    0x08025932   0x08025932   0x00000024   Data   RO         2822    .constdata          STemWin526_CM3_OS_Keil.lib(fcomic18b_ascii.o)
    0x08025956   0x08025956   0x00000012   Data   RO         2823    .constdata          STemWin526_CM3_OS_Keil.lib(fcomic18b_ascii.o)
    0x08025968   0x08025968   0x00000012   Data   RO         2824    .constdata          STemWin526_CM3_OS_Keil.lib(fcomic18b_ascii.o)
    0x0802597a   0x0802597a   0x00000012   Data   RO         2825    .constdata          STemWin526_CM3_OS_Keil.lib(fcomic18b_ascii.o)
    0x0802598c   0x0802598c   0x00000012   Data   RO         2826    .constdata          STemWin526_CM3_OS_Keil.lib(fcomic18b_ascii.o)
    0x0802599e   0x0802599e   0x00000012   Data   RO         2827    .constdata          STemWin526_CM3_OS_Keil.lib(fcomic18b_ascii.o)
    0x080259b0   0x080259b0   0x00000024   Data   RO         2828    .constdata          STemWin526_CM3_OS_Keil.lib(fcomic18b_ascii.o)
    0x080259d4   0x080259d4   0x00000024   Data   RO         2829    .constdata          STemWin526_CM3_OS_Keil.lib(fcomic18b_ascii.o)
    0x080259f8   0x080259f8   0x00000024   Data   RO         2830    .constdata          STemWin526_CM3_OS_Keil.lib(fcomic18b_ascii.o)
    0x08025a1c   0x08025a1c   0x00000024   Data   RO         2831    .constdata          STemWin526_CM3_OS_Keil.lib(fcomic18b_ascii.o)
    0x08025a40   0x08025a40   0x00000024   Data   RO         2832    .constdata          STemWin526_CM3_OS_Keil.lib(fcomic18b_ascii.o)
    0x08025a64   0x08025a64   0x00000024   Data   RO         2833    .constdata          STemWin526_CM3_OS_Keil.lib(fcomic18b_ascii.o)
    0x08025a88   0x08025a88   0x00000024   Data   RO         2834    .constdata          STemWin526_CM3_OS_Keil.lib(fcomic18b_ascii.o)
    0x08025aac   0x08025aac   0x00000024   Data   RO         2835    .constdata          STemWin526_CM3_OS_Keil.lib(fcomic18b_ascii.o)
    0x08025ad0   0x08025ad0   0x00000024   Data   RO         2836    .constdata          STemWin526_CM3_OS_Keil.lib(fcomic18b_ascii.o)
    0x08025af4   0x08025af4   0x00000024   Data   RO         2837    .constdata          STemWin526_CM3_OS_Keil.lib(fcomic18b_ascii.o)
    0x08025b18   0x08025b18   0x00000024   Data   RO         2838    .constdata          STemWin526_CM3_OS_Keil.lib(fcomic18b_ascii.o)
    0x08025b3c   0x08025b3c   0x00000024   Data   RO         2839    .constdata          STemWin526_CM3_OS_Keil.lib(fcomic18b_ascii.o)
    0x08025b60   0x08025b60   0x00000024   Data   RO         2840    .constdata          STemWin526_CM3_OS_Keil.lib(fcomic18b_ascii.o)
    0x08025b84   0x08025b84   0x00000024   Data   RO         2841    .constdata          STemWin526_CM3_OS_Keil.lib(fcomic18b_ascii.o)
    0x08025ba8   0x08025ba8   0x00000024   Data   RO         2842    .constdata          STemWin526_CM3_OS_Keil.lib(fcomic18b_ascii.o)
    0x08025bcc   0x08025bcc   0x00000024   Data   RO         2843    .constdata          STemWin526_CM3_OS_Keil.lib(fcomic18b_ascii.o)
    0x08025bf0   0x08025bf0   0x00000024   Data   RO         2844    .constdata          STemWin526_CM3_OS_Keil.lib(fcomic18b_ascii.o)
    0x08025c14   0x08025c14   0x00000012   Data   RO         2845    .constdata          STemWin526_CM3_OS_Keil.lib(fcomic18b_ascii.o)
    0x08025c26   0x08025c26   0x00000024   Data   RO         2846    .constdata          STemWin526_CM3_OS_Keil.lib(fcomic18b_ascii.o)
    0x08025c4a   0x08025c4a   0x00000024   Data   RO         2847    .constdata          STemWin526_CM3_OS_Keil.lib(fcomic18b_ascii.o)
    0x08025c6e   0x08025c6e   0x00000024   Data   RO         2848    .constdata          STemWin526_CM3_OS_Keil.lib(fcomic18b_ascii.o)
    0x08025c92   0x08025c92   0x00000024   Data   RO         2849    .constdata          STemWin526_CM3_OS_Keil.lib(fcomic18b_ascii.o)
    0x08025cb6   0x08025cb6   0x00000024   Data   RO         2850    .constdata          STemWin526_CM3_OS_Keil.lib(fcomic18b_ascii.o)
    0x08025cda   0x08025cda   0x00000024   Data   RO         2851    .constdata          STemWin526_CM3_OS_Keil.lib(fcomic18b_ascii.o)
    0x08025cfe   0x08025cfe   0x00000036   Data   RO         2852    .constdata          STemWin526_CM3_OS_Keil.lib(fcomic18b_ascii.o)
    0x08025d34   0x08025d34   0x00000024   Data   RO         2853    .constdata          STemWin526_CM3_OS_Keil.lib(fcomic18b_ascii.o)
    0x08025d58   0x08025d58   0x00000024   Data   RO         2854    .constdata          STemWin526_CM3_OS_Keil.lib(fcomic18b_ascii.o)
    0x08025d7c   0x08025d7c   0x00000024   Data   RO         2855    .constdata          STemWin526_CM3_OS_Keil.lib(fcomic18b_ascii.o)
    0x08025da0   0x08025da0   0x00000012   Data   RO         2856    .constdata          STemWin526_CM3_OS_Keil.lib(fcomic18b_ascii.o)
    0x08025db2   0x08025db2   0x00000012   Data   RO         2857    .constdata          STemWin526_CM3_OS_Keil.lib(fcomic18b_ascii.o)
    0x08025dc4   0x08025dc4   0x00000012   Data   RO         2858    .constdata          STemWin526_CM3_OS_Keil.lib(fcomic18b_ascii.o)
    0x08025dd6   0x08025dd6   0x00000012   Data   RO         2859    .constdata          STemWin526_CM3_OS_Keil.lib(fcomic18b_ascii.o)
    0x08025de8   0x08025de8   0x00000024   Data   RO         2860    .constdata          STemWin526_CM3_OS_Keil.lib(fcomic18b_ascii.o)
    0x08025e0c   0x08025e0c   0x00000024   Data   RO         2861    .constdata          STemWin526_CM3_OS_Keil.lib(fcomic18b_ascii.o)
    0x08025e30   0x08025e30   0x00000012   Data   RO         2862    .constdata          STemWin526_CM3_OS_Keil.lib(fcomic18b_ascii.o)
    0x08025e42   0x08025e42   0x00000024   Data   RO         2863    .constdata          STemWin526_CM3_OS_Keil.lib(fcomic18b_ascii.o)
    0x08025e66   0x08025e66   0x00000012   Data   RO         2864    .constdata          STemWin526_CM3_OS_Keil.lib(fcomic18b_ascii.o)
    0x08025e78   0x08025e78   0x00000024   Data   RO         2865    .constdata          STemWin526_CM3_OS_Keil.lib(fcomic18b_ascii.o)
    0x08025e9c   0x08025e9c   0x00000012   Data   RO         2866    .constdata          STemWin526_CM3_OS_Keil.lib(fcomic18b_ascii.o)
    0x08025eae   0x08025eae   0x00000012   Data   RO         2867    .constdata          STemWin526_CM3_OS_Keil.lib(fcomic18b_ascii.o)
    0x08025ec0   0x08025ec0   0x00000012   Data   RO         2868    .constdata          STemWin526_CM3_OS_Keil.lib(fcomic18b_ascii.o)
    0x08025ed2   0x08025ed2   0x00000012   Data   RO         2869    .constdata          STemWin526_CM3_OS_Keil.lib(fcomic18b_ascii.o)
    0x08025ee4   0x08025ee4   0x00000012   Data   RO         2870    .constdata          STemWin526_CM3_OS_Keil.lib(fcomic18b_ascii.o)
    0x08025ef6   0x08025ef6   0x00000012   Data   RO         2871    .constdata          STemWin526_CM3_OS_Keil.lib(fcomic18b_ascii.o)
    0x08025f08   0x08025f08   0x00000024   Data   RO         2872    .constdata          STemWin526_CM3_OS_Keil.lib(fcomic18b_ascii.o)
    0x08025f2c   0x08025f2c   0x00000012   Data   RO         2873    .constdata          STemWin526_CM3_OS_Keil.lib(fcomic18b_ascii.o)
    0x08025f3e   0x08025f3e   0x00000024   Data   RO         2874    .constdata          STemWin526_CM3_OS_Keil.lib(fcomic18b_ascii.o)
    0x08025f62   0x08025f62   0x00000012   Data   RO         2875    .constdata          STemWin526_CM3_OS_Keil.lib(fcomic18b_ascii.o)
    0x08025f74   0x08025f74   0x00000012   Data   RO         2876    .constdata          STemWin526_CM3_OS_Keil.lib(fcomic18b_ascii.o)
    0x08025f86   0x08025f86   0x00000024   Data   RO         2877    .constdata          STemWin526_CM3_OS_Keil.lib(fcomic18b_ascii.o)
    0x08025faa   0x08025faa   0x00000012   Data   RO         2878    .constdata          STemWin526_CM3_OS_Keil.lib(fcomic18b_ascii.o)
    0x08025fbc   0x08025fbc   0x00000012   Data   RO         2879    .constdata          STemWin526_CM3_OS_Keil.lib(fcomic18b_ascii.o)
    0x08025fce   0x08025fce   0x00000012   Data   RO         2880    .constdata          STemWin526_CM3_OS_Keil.lib(fcomic18b_ascii.o)
    0x08025fe0   0x08025fe0   0x00000012   Data   RO         2881    .constdata          STemWin526_CM3_OS_Keil.lib(fcomic18b_ascii.o)
    0x08025ff2   0x08025ff2   0x00000012   Data   RO         2882    .constdata          STemWin526_CM3_OS_Keil.lib(fcomic18b_ascii.o)
    0x08026004   0x08026004   0x00000012   Data   RO         2883    .constdata          STemWin526_CM3_OS_Keil.lib(fcomic18b_ascii.o)
    0x08026016   0x08026016   0x00000024   Data   RO         2884    .constdata          STemWin526_CM3_OS_Keil.lib(fcomic18b_ascii.o)
    0x0802603a   0x0802603a   0x00000024   Data   RO         2885    .constdata          STemWin526_CM3_OS_Keil.lib(fcomic18b_ascii.o)
    0x0802605e   0x0802605e   0x00000024   Data   RO         2886    .constdata          STemWin526_CM3_OS_Keil.lib(fcomic18b_ascii.o)
    0x08026082   0x08026082   0x00000024   Data   RO         2887    .constdata          STemWin526_CM3_OS_Keil.lib(fcomic18b_ascii.o)
    0x080260a6   0x080260a6   0x00000012   Data   RO         2888    .constdata          STemWin526_CM3_OS_Keil.lib(fcomic18b_ascii.o)
    0x080260b8   0x080260b8   0x00000012   Data   RO         2889    .constdata          STemWin526_CM3_OS_Keil.lib(fcomic18b_ascii.o)
    0x080260ca   0x080260ca   0x00000012   Data   RO         2890    .constdata          STemWin526_CM3_OS_Keil.lib(fcomic18b_ascii.o)
    0x080260dc   0x080260dc   0x00000024   Data   RO         2891    .constdata          STemWin526_CM3_OS_Keil.lib(fcomic18b_ascii.o)
    0x08026100   0x08026100   0x00000012   Data   RO         2892    .constdata          STemWin526_CM3_OS_Keil.lib(fcomic18b_ascii.o)
    0x08026112   0x08026112   0x00000024   Data   RO         2893    .constdata          STemWin526_CM3_OS_Keil.lib(fcomic18b_ascii.o)
    0x08026136   0x08026136   0x00000002   PAD
    0x08026138   0x08026138   0x00000308   Data   RO         2894    .constdata          STemWin526_CM3_OS_Keil.lib(fcomic18b_ascii.o)
    0x08026440   0x08026440   0x00000008   Data   RO         2954    .constdata          STemWin526_CM3_OS_Keil.lib(guidev_writetoactiveopaque.o)
    0x08026448   0x08026448   0x0000000c   Data   RO         2964    .constdata          STemWin526_CM3_OS_Keil.lib(button_skinclassic.o)
    0x08026454   0x08026454   0x00000018   Data   RO         3378    .constdata          STemWin526_CM3_OS_Keil.lib(guicc_0.o)
    0x0802646c   0x0802646c   0x00000018   Data   RO         3388    .constdata          STemWin526_CM3_OS_Keil.lib(guicc_8888.o)
    0x08026484   0x08026484   0x0000000d   Data   RO         3397    .constdata          STemWin526_CM3_OS_Keil.lib(f13_ascii.o)
    0x08026491   0x08026491   0x0000000d   Data   RO         3398    .constdata          STemWin526_CM3_OS_Keil.lib(f13_ascii.o)
    0x0802649e   0x0802649e   0x0000000d   Data   RO         3399    .constdata          STemWin526_CM3_OS_Keil.lib(f13_ascii.o)
    0x080264ab   0x080264ab   0x0000000d   Data   RO         3400    .constdata          STemWin526_CM3_OS_Keil.lib(f13_ascii.o)
    0x080264b8   0x080264b8   0x0000000d   Data   RO         3401    .constdata          STemWin526_CM3_OS_Keil.lib(f13_ascii.o)
    0x080264c5   0x080264c5   0x0000001a   Data   RO         3402    .constdata          STemWin526_CM3_OS_Keil.lib(f13_ascii.o)
    0x080264df   0x080264df   0x0000000d   Data   RO         3403    .constdata          STemWin526_CM3_OS_Keil.lib(f13_ascii.o)
    0x080264ec   0x080264ec   0x0000000d   Data   RO         3404    .constdata          STemWin526_CM3_OS_Keil.lib(f13_ascii.o)
    0x080264f9   0x080264f9   0x0000000d   Data   RO         3405    .constdata          STemWin526_CM3_OS_Keil.lib(f13_ascii.o)
    0x08026506   0x08026506   0x0000000d   Data   RO         3406    .constdata          STemWin526_CM3_OS_Keil.lib(f13_ascii.o)
    0x08026513   0x08026513   0x0000000d   Data   RO         3407    .constdata          STemWin526_CM3_OS_Keil.lib(f13_ascii.o)
    0x08026520   0x08026520   0x0000000d   Data   RO         3408    .constdata          STemWin526_CM3_OS_Keil.lib(f13_ascii.o)
    0x0802652d   0x0802652d   0x0000000d   Data   RO         3409    .constdata          STemWin526_CM3_OS_Keil.lib(f13_ascii.o)
    0x0802653a   0x0802653a   0x0000000d   Data   RO         3410    .constdata          STemWin526_CM3_OS_Keil.lib(f13_ascii.o)
    0x08026547   0x08026547   0x0000000d   Data   RO         3411    .constdata          STemWin526_CM3_OS_Keil.lib(f13_ascii.o)
    0x08026554   0x08026554   0x0000000d   Data   RO         3412    .constdata          STemWin526_CM3_OS_Keil.lib(f13_ascii.o)
    0x08026561   0x08026561   0x0000000d   Data   RO         3413    .constdata          STemWin526_CM3_OS_Keil.lib(f13_ascii.o)
    0x0802656e   0x0802656e   0x0000000d   Data   RO         3414    .constdata          STemWin526_CM3_OS_Keil.lib(f13_ascii.o)
    0x0802657b   0x0802657b   0x0000000d   Data   RO         3415    .constdata          STemWin526_CM3_OS_Keil.lib(f13_ascii.o)
    0x08026588   0x08026588   0x0000000d   Data   RO         3416    .constdata          STemWin526_CM3_OS_Keil.lib(f13_ascii.o)
    0x08026595   0x08026595   0x0000000d   Data   RO         3417    .constdata          STemWin526_CM3_OS_Keil.lib(f13_ascii.o)
    0x080265a2   0x080265a2   0x0000000d   Data   RO         3418    .constdata          STemWin526_CM3_OS_Keil.lib(f13_ascii.o)
    0x080265af   0x080265af   0x0000000d   Data   RO         3419    .constdata          STemWin526_CM3_OS_Keil.lib(f13_ascii.o)
    0x080265bc   0x080265bc   0x0000000d   Data   RO         3420    .constdata          STemWin526_CM3_OS_Keil.lib(f13_ascii.o)
    0x080265c9   0x080265c9   0x0000000d   Data   RO         3421    .constdata          STemWin526_CM3_OS_Keil.lib(f13_ascii.o)
    0x080265d6   0x080265d6   0x0000000d   Data   RO         3422    .constdata          STemWin526_CM3_OS_Keil.lib(f13_ascii.o)
    0x080265e3   0x080265e3   0x0000000d   Data   RO         3423    .constdata          STemWin526_CM3_OS_Keil.lib(f13_ascii.o)
    0x080265f0   0x080265f0   0x0000000d   Data   RO         3424    .constdata          STemWin526_CM3_OS_Keil.lib(f13_ascii.o)
    0x080265fd   0x080265fd   0x0000000d   Data   RO         3425    .constdata          STemWin526_CM3_OS_Keil.lib(f13_ascii.o)
    0x0802660a   0x0802660a   0x0000000d   Data   RO         3426    .constdata          STemWin526_CM3_OS_Keil.lib(f13_ascii.o)
    0x08026617   0x08026617   0x0000000d   Data   RO         3427    .constdata          STemWin526_CM3_OS_Keil.lib(f13_ascii.o)
    0x08026624   0x08026624   0x0000000d   Data   RO         3428    .constdata          STemWin526_CM3_OS_Keil.lib(f13_ascii.o)
    0x08026631   0x08026631   0x0000001a   Data   RO         3429    .constdata          STemWin526_CM3_OS_Keil.lib(f13_ascii.o)
    0x0802664b   0x0802664b   0x0000000d   Data   RO         3430    .constdata          STemWin526_CM3_OS_Keil.lib(f13_ascii.o)
    0x08026658   0x08026658   0x0000000d   Data   RO         3431    .constdata          STemWin526_CM3_OS_Keil.lib(f13_ascii.o)
    0x08026665   0x08026665   0x0000000d   Data   RO         3432    .constdata          STemWin526_CM3_OS_Keil.lib(f13_ascii.o)
    0x08026672   0x08026672   0x0000000d   Data   RO         3433    .constdata          STemWin526_CM3_OS_Keil.lib(f13_ascii.o)
    0x0802667f   0x0802667f   0x0000000d   Data   RO         3434    .constdata          STemWin526_CM3_OS_Keil.lib(f13_ascii.o)
    0x0802668c   0x0802668c   0x0000000d   Data   RO         3435    .constdata          STemWin526_CM3_OS_Keil.lib(f13_ascii.o)
    0x08026699   0x08026699   0x0000000d   Data   RO         3436    .constdata          STemWin526_CM3_OS_Keil.lib(f13_ascii.o)
    0x080266a6   0x080266a6   0x0000000d   Data   RO         3437    .constdata          STemWin526_CM3_OS_Keil.lib(f13_ascii.o)
    0x080266b3   0x080266b3   0x0000000d   Data   RO         3438    .constdata          STemWin526_CM3_OS_Keil.lib(f13_ascii.o)
    0x080266c0   0x080266c0   0x0000000d   Data   RO         3439    .constdata          STemWin526_CM3_OS_Keil.lib(f13_ascii.o)
    0x080266cd   0x080266cd   0x0000000d   Data   RO         3440    .constdata          STemWin526_CM3_OS_Keil.lib(f13_ascii.o)
    0x080266da   0x080266da   0x0000000d   Data   RO         3441    .constdata          STemWin526_CM3_OS_Keil.lib(f13_ascii.o)
    0x080266e7   0x080266e7   0x0000000d   Data   RO         3442    .constdata          STemWin526_CM3_OS_Keil.lib(f13_ascii.o)
    0x080266f4   0x080266f4   0x0000000d   Data   RO         3443    .constdata          STemWin526_CM3_OS_Keil.lib(f13_ascii.o)
    0x08026701   0x08026701   0x0000000d   Data   RO         3444    .constdata          STemWin526_CM3_OS_Keil.lib(f13_ascii.o)
    0x0802670e   0x0802670e   0x0000000d   Data   RO         3445    .constdata          STemWin526_CM3_OS_Keil.lib(f13_ascii.o)
    0x0802671b   0x0802671b   0x0000000d   Data   RO         3446    .constdata          STemWin526_CM3_OS_Keil.lib(f13_ascii.o)
    0x08026728   0x08026728   0x0000000d   Data   RO         3447    .constdata          STemWin526_CM3_OS_Keil.lib(f13_ascii.o)
    0x08026735   0x08026735   0x0000000d   Data   RO         3448    .constdata          STemWin526_CM3_OS_Keil.lib(f13_ascii.o)
    0x08026742   0x08026742   0x0000000d   Data   RO         3449    .constdata          STemWin526_CM3_OS_Keil.lib(f13_ascii.o)
    0x0802674f   0x0802674f   0x0000000d   Data   RO         3450    .constdata          STemWin526_CM3_OS_Keil.lib(f13_ascii.o)
    0x0802675c   0x0802675c   0x0000000d   Data   RO         3451    .constdata          STemWin526_CM3_OS_Keil.lib(f13_ascii.o)
    0x08026769   0x08026769   0x0000001a   Data   RO         3452    .constdata          STemWin526_CM3_OS_Keil.lib(f13_ascii.o)
    0x08026783   0x08026783   0x0000000d   Data   RO         3453    .constdata          STemWin526_CM3_OS_Keil.lib(f13_ascii.o)
    0x08026790   0x08026790   0x0000000d   Data   RO         3454    .constdata          STemWin526_CM3_OS_Keil.lib(f13_ascii.o)
    0x0802679d   0x0802679d   0x0000000d   Data   RO         3455    .constdata          STemWin526_CM3_OS_Keil.lib(f13_ascii.o)
    0x080267aa   0x080267aa   0x0000000d   Data   RO         3456    .constdata          STemWin526_CM3_OS_Keil.lib(f13_ascii.o)
    0x080267b7   0x080267b7   0x0000000d   Data   RO         3457    .constdata          STemWin526_CM3_OS_Keil.lib(f13_ascii.o)
    0x080267c4   0x080267c4   0x0000000d   Data   RO         3458    .constdata          STemWin526_CM3_OS_Keil.lib(f13_ascii.o)
    0x080267d1   0x080267d1   0x0000000d   Data   RO         3459    .constdata          STemWin526_CM3_OS_Keil.lib(f13_ascii.o)
    0x080267de   0x080267de   0x0000000d   Data   RO         3460    .constdata          STemWin526_CM3_OS_Keil.lib(f13_ascii.o)
    0x080267eb   0x080267eb   0x0000000d   Data   RO         3461    .constdata          STemWin526_CM3_OS_Keil.lib(f13_ascii.o)
    0x080267f8   0x080267f8   0x0000000d   Data   RO         3462    .constdata          STemWin526_CM3_OS_Keil.lib(f13_ascii.o)
    0x08026805   0x08026805   0x0000000d   Data   RO         3463    .constdata          STemWin526_CM3_OS_Keil.lib(f13_ascii.o)
    0x08026812   0x08026812   0x0000000d   Data   RO         3464    .constdata          STemWin526_CM3_OS_Keil.lib(f13_ascii.o)
    0x0802681f   0x0802681f   0x0000000d   Data   RO         3465    .constdata          STemWin526_CM3_OS_Keil.lib(f13_ascii.o)
    0x0802682c   0x0802682c   0x0000000d   Data   RO         3466    .constdata          STemWin526_CM3_OS_Keil.lib(f13_ascii.o)
    0x08026839   0x08026839   0x0000000d   Data   RO         3467    .constdata          STemWin526_CM3_OS_Keil.lib(f13_ascii.o)
    0x08026846   0x08026846   0x0000000d   Data   RO         3468    .constdata          STemWin526_CM3_OS_Keil.lib(f13_ascii.o)
    0x08026853   0x08026853   0x0000000d   Data   RO         3469    .constdata          STemWin526_CM3_OS_Keil.lib(f13_ascii.o)
    0x08026860   0x08026860   0x0000000d   Data   RO         3470    .constdata          STemWin526_CM3_OS_Keil.lib(f13_ascii.o)
    0x0802686d   0x0802686d   0x0000000d   Data   RO         3471    .constdata          STemWin526_CM3_OS_Keil.lib(f13_ascii.o)
    0x0802687a   0x0802687a   0x0000000d   Data   RO         3472    .constdata          STemWin526_CM3_OS_Keil.lib(f13_ascii.o)
    0x08026887   0x08026887   0x0000000d   Data   RO         3473    .constdata          STemWin526_CM3_OS_Keil.lib(f13_ascii.o)
    0x08026894   0x08026894   0x0000000d   Data   RO         3474    .constdata          STemWin526_CM3_OS_Keil.lib(f13_ascii.o)
    0x080268a1   0x080268a1   0x0000000d   Data   RO         3475    .constdata          STemWin526_CM3_OS_Keil.lib(f13_ascii.o)
    0x080268ae   0x080268ae   0x0000000d   Data   RO         3476    .constdata          STemWin526_CM3_OS_Keil.lib(f13_ascii.o)
    0x080268bb   0x080268bb   0x0000000d   Data   RO         3477    .constdata          STemWin526_CM3_OS_Keil.lib(f13_ascii.o)
    0x080268c8   0x080268c8   0x0000000d   Data   RO         3478    .constdata          STemWin526_CM3_OS_Keil.lib(f13_ascii.o)
    0x080268d5   0x080268d5   0x0000000d   Data   RO         3479    .constdata          STemWin526_CM3_OS_Keil.lib(f13_ascii.o)
    0x080268e2   0x080268e2   0x0000000d   Data   RO         3480    .constdata          STemWin526_CM3_OS_Keil.lib(f13_ascii.o)
    0x080268ef   0x080268ef   0x0000000d   Data   RO         3481    .constdata          STemWin526_CM3_OS_Keil.lib(f13_ascii.o)
    0x080268fc   0x080268fc   0x0000000d   Data   RO         3482    .constdata          STemWin526_CM3_OS_Keil.lib(f13_ascii.o)
    0x08026909   0x08026909   0x0000000d   Data   RO         3483    .constdata          STemWin526_CM3_OS_Keil.lib(f13_ascii.o)
    0x08026916   0x08026916   0x0000000d   Data   RO         3484    .constdata          STemWin526_CM3_OS_Keil.lib(f13_ascii.o)
    0x08026923   0x08026923   0x0000000d   Data   RO         3485    .constdata          STemWin526_CM3_OS_Keil.lib(f13_ascii.o)
    0x08026930   0x08026930   0x0000000d   Data   RO         3486    .constdata          STemWin526_CM3_OS_Keil.lib(f13_ascii.o)
    0x0802693d   0x0802693d   0x0000000d   Data   RO         3487    .constdata          STemWin526_CM3_OS_Keil.lib(f13_ascii.o)
    0x0802694a   0x0802694a   0x0000000d   Data   RO         3488    .constdata          STemWin526_CM3_OS_Keil.lib(f13_ascii.o)
    0x08026957   0x08026957   0x0000000d   Data   RO         3489    .constdata          STemWin526_CM3_OS_Keil.lib(f13_ascii.o)
    0x08026964   0x08026964   0x0000000d   Data   RO         3490    .constdata          STemWin526_CM3_OS_Keil.lib(f13_ascii.o)
    0x08026971   0x08026971   0x0000000d   Data   RO         3491    .constdata          STemWin526_CM3_OS_Keil.lib(f13_ascii.o)
    0x0802697e   0x0802697e   0x00000002   PAD
    0x08026980   0x08026980   0x000002f8   Data   RO         3492    .constdata          STemWin526_CM3_OS_Keil.lib(f13_ascii.o)
    0x08026c78   0x08026c78   0x0000000c   Data   RO         3493    .constdata          STemWin526_CM3_OS_Keil.lib(f13_ascii.o)
    0x08026c84   0x08026c84   0x00000074   Data   RO         3512    .constdata          STemWin526_CM3_OS_Keil.lib(guidev_32.o)
    0x08026cf8   0x08026cf8   0x00000018   Data   RO         3556    .constdata          STemWin526_CM3_OS_Keil.lib(guidev_usagebm.o)
    0x08026d10   0x08026d10   0x0000001c   Data   RO         3580    .constdata          STemWin526_CM3_OS_Keil.lib(widget_effect_3d.o)
    0x08026d2c   0x08026d2c   0x00000028   Data   RO         3934    .constdata          c_w.l(_printf_hex_int.o)
    0x08026d54   0x08026d54   0x00000079   Data   RO          590    .conststring        touch.o
    0x08026dcd   0x08026dcd   0x00000003   PAD
    0x08026dd0   0x08026dd0   0x0000003b   Data   RO         1599    .conststring        gui_menu.o
    0x08026e0b   0x08026e0b   0x00000001   PAD
    0x08026e0c   0x08026e0c   0x0000000f   Data   RO         1622    .conststring        gui_title.o
    0x08026e1b   0x08026e1b   0x00000001   PAD
    0x08026e1c   0x08026e1c   0x00000012   Data   RO         1655    .conststring        gui_history.o
    0x08026e2e   0x08026e2e   0x00000002   PAD
    0x08026e30   0x08026e30   0x00000020   Data   RO         4262    Region$$Table       anon$$obj.o


    Execution Region RW_IRAM1 (Exec base: 0x20000000, Load base: 0x08026e50, Size: 0x0000b818, Max: 0x0000c000, ABSOLUTE, COMPRESSED[0x000000e0])

    Exec Addr    Load Addr    Size         Type   Attr      Idx    E Section Name        Object

    0x20000000   COMPRESSED   0x00000014   Data   RW          408    .data               system_stm32f10x.o
    0x20000014   COMPRESSED   0x00000001   Data   RW          438    .data               key.o
    0x20000015   COMPRESSED   0x00000001   PAD
    0x20000016   COMPRESSED   0x00000004   Data   RW          453    .data               ili93xx.o
    0x2000001a   COMPRESSED   0x00000001   Data   RW          555    .data               gt9147.o
    0x2000001b   COMPRESSED   0x00000001   Data   RW          574    .data               ott2001a.o
    0x2000001c   COMPRESSED   0x0000003c   Data   RW          591    .data               touch.o
    0x20000058   COMPRESSED   0x00000002   Data   RW          622    .data               flash.o
    0x2000005a   COMPRESSED   0x00000002   PAD
    0x2000005c   COMPRESSED   0x00000004   Data   RW          670    .data               exti.o
    0x20000060   COMPRESSED   0x00000004   Data   RW          684    .data               delay.o
    0x20000064   COMPRESSED   0x00000006   Data   RW          723    .data               usart.o
    0x2000006a   COMPRESSED   0x00000002   PAD
    0x2000006c   COMPRESSED   0x00000014   Data   RW          764    .data               malloc.o
    0x20000080   COMPRESSED   0x00000014   Data   RW          833    .data               stm32f10x_rcc.o
    0x20000094   COMPRESSED   0x00000004   Data   RW         1008    .data               lib_mem.o
    0x20000098   COMPRESSED   0x00000004   Data   RW         1063    .data               cpu_core.o
    0x2000009c   COMPRESSED   0x00000008   Data   RW         1203    .data               os_prio.o
    0x200000a4   COMPRESSED   0x000000c8   Data   RW         1306    .data               os_var.o
    0x2000016c   COMPRESSED   0x00000004   Data   RW         1323    .data               os_cpu_c.o
    0x20000170   COMPRESSED   0x00000011   Data   RW         1502    .data               gui_x_ucosiii.o
    0x20000181   COMPRESSED   0x00000001   Data   RW         1623    .data               gui_title.o
    0x20000182   COMPRESSED   0x00000001   Data   RW         1656    .data               gui_history.o
    0x20000183   COMPRESSED   0x00000001   PAD
    0x20000184   COMPRESSED   0x0000001d   Data   RW         1672    .data               user_sampling.o
    0x200001a1   COMPRESSED   0x00000003   PAD
    0x200001a4   COMPRESSED   0x00000008   Data   RW         1737    .data               STemWin526_CM3_OS_Keil.lib(gui_alloc.o)
    0x200001ac   COMPRESSED   0x0000002c   Data   RW         1784    .data               STemWin526_CM3_OS_Keil.lib(gui_core.o)
    0x200001d8   COMPRESSED   0x00000004   Data   RW         1785    .data               STemWin526_CM3_OS_Keil.lib(gui_core.o)
    0x200001dc   COMPRESSED   0x00000004   Data   RW         1786    .data               STemWin526_CM3_OS_Keil.lib(gui_core.o)
    0x200001e0   COMPRESSED   0x00000004   Data   RW         1787    .data               STemWin526_CM3_OS_Keil.lib(gui_core.o)
    0x200001e4   COMPRESSED   0x00000004   Data   RW         1788    .data               STemWin526_CM3_OS_Keil.lib(gui_core.o)
    0x200001e8   COMPRESSED   0x00000004   Data   RW         1789    .data               STemWin526_CM3_OS_Keil.lib(gui_core.o)
    0x200001ec   COMPRESSED   0x00000002   Data   RW         1790    .data               STemWin526_CM3_OS_Keil.lib(gui_core.o)
    0x200001ee   COMPRESSED   0x00000002   PAD
    0x200001f0   COMPRESSED   0x00000004   Data   RW         1791    .data               STemWin526_CM3_OS_Keil.lib(gui_core.o)
    0x200001f4   COMPRESSED   0x00000002   Data   RW         1792    .data               STemWin526_CM3_OS_Keil.lib(gui_core.o)
    0x200001f6   COMPRESSED   0x00000002   Data   RW         1793    .data               STemWin526_CM3_OS_Keil.lib(gui_core.o)
    0x200001f8   COMPRESSED   0x00000030   Data   RW         1848    .data               STemWin526_CM3_OS_Keil.lib(gui_touch_driveranalog.o)
    0x20000228   COMPRESSED   0x00000008   Data   RW         1867    .data               STemWin526_CM3_OS_Keil.lib(guicc_m565.o)
    0x20000230   COMPRESSED   0x00000004   Data   RW         2224    .data               STemWin526_CM3_OS_Keil.lib(guidev_16.o)
    0x20000234   COMPRESSED   0x0000003c   Data   RW         2261    .data               STemWin526_CM3_OS_Keil.lib(button.o)
    0x20000270   COMPRESSED   0x00000004   Data   RW         2351    .data               STemWin526_CM3_OS_Keil.lib(window.o)
    0x20000274   COMPRESSED   0x00000060   Data   RW         2415    .data               STemWin526_CM3_OS_Keil.lib(wm.o)
    0x200002d4   COMPRESSED   0x00000001   Data   RW         2416    .data               STemWin526_CM3_OS_Keil.lib(wm.o)
    0x200002d5   COMPRESSED   0x00000003   PAD
    0x200002d8   COMPRESSED   0x00000014   Data   RW         2498    .data               STemWin526_CM3_OS_Keil.lib(gui__managecache.o)
    0x200002ec   COMPRESSED   0x0000000c   Data   RW         2557    .data               STemWin526_CM3_OS_Keil.lib(gui_onkey.o)
    0x200002f8   COMPRESSED   0x00000008   Data   RW         2582    .data               STemWin526_CM3_OS_Keil.lib(gui_selectlayer.o)
    0x20000300   COMPRESSED   0x0000001c   Data   RW         2605    .data               STemWin526_CM3_OS_Keil.lib(gui_task.o)
    0x2000031c   COMPRESSED   0x00000008   Data   RW         2615    .data               STemWin526_CM3_OS_Keil.lib(gui_touch_storeunstable.o)
    0x20000324   COMPRESSED   0x0000000c   Data   RW         2635    .data               STemWin526_CM3_OS_Keil.lib(gui_waitevent.o)
    0x20000330   COMPRESSED   0x00000004   Data   RW         2661    .data               STemWin526_CM3_OS_Keil.lib(lcd.o)
    0x20000334   COMPRESSED   0x00000010   Data   RW         2687    .data               STemWin526_CM3_OS_Keil.lib(lcd_color.o)
    0x20000344   COMPRESSED   0x00000004   Data   RW         2920    .data               STemWin526_CM3_OS_Keil.lib(guidev_banding.o)
    0x20000348   COMPRESSED   0x00000001   Data   RW         2933    .data               STemWin526_CM3_OS_Keil.lib(guidev_staticdevices.o)
    0x20000349   COMPRESSED   0x00000003   PAD
    0x2000034c   COMPRESSED   0x00000010   Data   RW         2975    .data               STemWin526_CM3_OS_Keil.lib(text.o)
    0x2000035c   COMPRESSED   0x00000004   Data   RW         3007    .data               STemWin526_CM3_OS_Keil.lib(widget.o)
    0x20000360   COMPRESSED   0x00000004   Data   RW         3038    .data               STemWin526_CM3_OS_Keil.lib(wm__sendmessage.o)
    0x20000364   COMPRESSED   0x0000000c   Data   RW         3102    .data               STemWin526_CM3_OS_Keil.lib(wm_touch.o)
    0x20000370   COMPRESSED   0x00000028   Data   RW         3130    .data               STemWin526_CM3_OS_Keil.lib(gui__alpha.o)
    0x20000398   COMPRESSED   0x00000008   Data   RW         3242    .data               STemWin526_CM3_OS_Keil.lib(gui_pid.o)
    0x200003a0   COMPRESSED   0x00000020   Data   RW         3287    .data               STemWin526_CM3_OS_Keil.lib(gui_setalpha.o)
    0x200003c0   COMPRESSED   0x00000014   Data   RW         3349    .data               STemWin526_CM3_OS_Keil.lib(gui_timer.o)
    0x200003d4   COMPRESSED   0x00000014   Data   RW         3581    .data               STemWin526_CM3_OS_Keil.lib(widget_effect_3d.o)
    0x200003e8   COMPRESSED   0x00000008   Data   RW         3686    .data               STemWin526_CM3_OS_Keil.lib(gui__wrap.o)
    0x200003f0   COMPRESSED   0x00000004   Data   RW         3713    .data               STemWin526_CM3_OS_Keil.lib(gui_charline.o)
    0x200003f4   COMPRESSED   0x00000004   Data   RW         3846    .data               STemWin526_CM3_OS_Keil.lib(lcd_aa.o)
    0x200003f8        -       0x00001f10   Zero   RW            2    .bss                main.o
    0x20002308        -       0x0000000e   Zero   RW          451    .bss                ili93xx.o
    0x20002316        -       0x00000012   Zero   RW          521    .bss                spi.o
    0x20002328        -       0x00001000   Zero   RW          621    .bss                flash.o
    0x20003328        -       0x000000c8   Zero   RW          722    .bss                usart.o
    0x200033f0        -       0x00005500   Zero   RW          762    .bss                malloc.o
    0x200088f0        -       0x00000448   Zero   RW         1007    .bss                lib_mem.o
    0x20008d38        -       0x00000010   Zero   RW         1061    .bss                cpu_core.o
    0x20008d48        -       0x00001490   Zero   RW         1087    .bss                os_cfg_app.o
    0x2000a1d8        -       0x000006e0   Zero   RW         1305    .bss                os_var.o
    0x2000a8b8        -       0x0000001a   Zero   RW         1597    .bss                gui_menu.o
    0x2000a8d2   COMPRESSED   0x00000002   PAD
    0x2000a8d4        -       0x00000014   Zero   RW         1638    .bss                gui_entry.o
    0x2000a8e8        -       0x000000e4   Zero   RW         1653    .bss                gui_history.o
    0x2000a9cc        -       0x0000001e   Zero   RW         1671    .bss                user_sampling.o
    0x2000a9ea        -       0x0000012c   Zero   RW         1689    .bss                user_store.o
    0x2000ab16   COMPRESSED   0x00000002   PAD
    0x2000ab18        -       0x000000c8   Zero   RW         1736    .bss                STemWin526_CM3_OS_Keil.lib(gui_alloc.o)
    0x2000abe0        -       0x00000070   Zero   RW         1782    .bss                STemWin526_CM3_OS_Keil.lib(gui_core.o)
    0x2000ac50        -       0x00000010   Zero   RW         1847    .bss                STemWin526_CM3_OS_Keil.lib(gui_touch_driveranalog.o)
    0x2000ac60        -       0x00000018   Zero   RW         2414    .bss                STemWin526_CM3_OS_Keil.lib(wm.o)
    0x2000ac78        -       0x00000058   Zero   RW         2556    .bss                STemWin526_CM3_OS_Keil.lib(gui_onkey.o)
    0x2000acd0        -       0x00000048   Zero   RW         3101    .bss                STemWin526_CM3_OS_Keil.lib(wm_touch.o)
    0x2000ad18        -       0x00000028   Zero   RW         3177    .bss                STemWin526_CM3_OS_Keil.lib(gui_curs1.o)
    0x2000ad40        -       0x00000048   Zero   RW         3241    .bss                STemWin526_CM3_OS_Keil.lib(gui_pid.o)
    0x2000ad88        -       0x0000000c   Zero   RW         3370    .bss                STemWin526_CM3_OS_Keil.lib(gui_touch_storestate.o)
    0x2000ad94        -       0x00000018   Zero   RW         3643    .bss                STemWin526_CM3_OS_Keil.lib(wm_pid__getprevstate.o)
    0x2000adac        -       0x0000000c   Zero   RW         3817    .bss                STemWin526_CM3_OS_Keil.lib(gui_touch.o)
    0x2000adb8        -       0x00000060   Zero   RW         4126    .bss                c_w.l(libspace.o)
    0x2000ae18        -       0x00000200   Zero   RW          755    HEAP                startup_stm32f10x_hd.o
    0x2000b018        -       0x00000800   Zero   RW          754    STACK               startup_stm32f10x_hd.o


==============================================================================

Image component sizes


      Code (inc. data)   RO Data    RW Data    ZI Data      Debug   Object Name

       378          0          0          0          0       2754   24cxx.o
       232          8          0          0          0       1079   adc.o
       132         12          0          0          0       1127   bsp.o
        52          0          0          0          0        320   cpu_a.o
       680         14        260          4         16      14283   cpu_core.o
       608         18          0          0          0       2001   ctiic.o
       332         28          0          4          0       1769   delay.o
       176         12          0          4          0       1478   exti.o
       840         20          0          2       4096       4413   flash.o
      1024         74        194          1          0       2830   gt9147.o
        48          4          0          0         20        799   gui_entry.o
       784        122        690          1        228       3861   gui_history.o
      1032        118        423          0         26       3475   gui_menu.o
       440         26         99          1          0       2076   gui_title.o
       112          8          0          0          0       1088   gui_x_touch_analog.o
       360         62          0         17          0       3075   gui_x_ucosiii.o
        40          4          0          0          0        491   guiconf.o
      2292         78         52          0          0      58601   guidrv_template.o
     22692        204       6080          4         14      24295   ili93xx.o
       236         16          0          1          0        804   key.o
       480         14          0          0          0       1003   lcdconf_flexcolor_template.o
        80          8          0          0          0        471   led.o
       598          0          0          0          0      22104   lib_ascii.o
      2502         32          0          4       1096      22132   lib_mem.o
       544          0          0          0          0        468   lib_mem_a.o
      2348          6        148          0          0      13722   lib_str.o
       736         96          0          0       7952     357291   main.o
       416          6          0         20      21760       3893   malloc.o
       220         22          0          0          0       1777   misc.o
       600         12          0          0          0       1852   myiic.o
       252        166        164          0       5264      20818   os_cfg_app.o
      3588        294          0          0          0      12413   os_core.o
       152         32          0          0          0        376   os_cpu_a.o
       620         66          0          4          0       3725   os_cpu_c.o
       432        286        364          0          0       4689   os_dbg.o
      3624        110          0          0          0       7995   os_flag.o
      1092        146          0          0          0       2300   os_int.o
       568         20          0          0          0       2724   os_mem.o
       556         12          0          0          0       2759   os_msg.o
      2772        114          0          0          0       5530   os_mutex.o
       124          4          0          8          0       1684   os_prio.o
      2264         76          0          0          0       6296   os_q.o
      2096         70          0          0          0       6316   os_sem.o
      1592        180          0          0          0       2777   os_stat.o
      7092        270          0          0          0      14142   os_task.o
      1276         90          0          0          0       3249   os_tick.o
      1380         46          0          0          0       3253   os_time.o
      2072        140          0          0          0       6442   os_tmr.o
         0          0          0        200       1760      19317   os_var.o
       876         56         10          1          0       2635   ott2001a.o
       224         12          0          0         18       1245   spi.o
        64         26        304          0       2560        776   startup_stm32f10x_hd.o
      1102         26          0          0          0      11021   stm32f10x_adc.o
       284         10          0          0          0       2239   stm32f10x_exti.o
       860         38          0          0          0       5717   stm32f10x_gpio.o
        22          0          0          0          0        975   stm32f10x_it.o
       932         36          0         20          0       8880   stm32f10x_rcc.o
       780         14          0          0          0       6594   stm32f10x_spi.o
      3610         88          0          0          0      22824   stm32f10x_tim.o
      1032         22          0          0          0       8436   stm32f10x_usart.o
         0          0          0          0          0         32   sys.o
       480         38          0         20          0       1667   system_stm32f10x.o
       228          8          0          0          0       1214   timer.o
      3096        184        133         60          0       6523   touch.o
       324         16          0          6        200       3074   usart.o
      1256        134          0         29         30       3277   user_sampling.o
       112          8          0          0        300       1547   user_store.o

    ----------------------------------------------------------------------
     87860       3862       8962        420      45344     770813   Object Totals
         0          0         32          0          0          0   (incl. Generated)
        12          0          9          9          4          0   (incl. Padding)

    ----------------------------------------------------------------------

      Code (inc. data)   RO Data    RW Data    ZI Data      Debug   Library Member Name

       658         12          0         60          0        696   button.o
       100          0          0          0          0        168   button_color.o
        68          0          0          0          0         88   button_createindirect.o
        24         12          0          0          0        136   button_default.o
       334          0         12          0          0        156   button_skinclassic.o
       172          0          0          0          0         88   dialog.o
         0          0       2155          0          0          0   f13_1.o
         0          0       2046          0          0          0   f13_ascii.o
         0          0       2696          0          0          0   f16b_ascii.o
         0          0       1816          0          0          0   f6x8.o
         0          0       4340          0          0          0   fcomic18b_1.o
         0          0       3530          0          0          0   fcomic18b_ascii.o
       128          4          0          0          0         84   gui_2dlib.o
       856         38          0         40          0        512   gui__alpha.o
       648          0          0          0          0        160   gui__compactpixelindices.o
         0          0        256          0          0          0   gui__divtbl_255_31.o
         0          0        256          0          0          0   gui__divtbl_255_63.o
         0          0         32          0          0          0   gui__divtbl_31_255.o
         0          0         64          0          0          0   gui__divtbl_63_255.o
       322          0          0          0          0        108   gui__expandpixelindices.o
        24          0          0          0          0         68   gui__handleeoline.o
        58          0          0          0          0         68   gui__intersectrect.o
        82          0          0          0          0         80   gui__intersectrects.o
       216          8          0         20          0        156   gui__managecache.o
        76          0          0          0          0         76   gui__memset.o
        60          0          0          0          0         76   gui__memset16.o
        26          0          0          0          0         68   gui__reducerect.o
       108          0          0          0          0         88   gui__settext.o
        68          4          0          0          0        148   gui__strcmp.o
        22          0          0          0          0         68   gui__strlen.o
       304          4          0          8          0        508   gui__wrap.o
      1936        124          0          8        200       2136   gui_alloc.o
        46          0          0          0          0         80   gui_alloc_alloczero.o
        60          0          0          0          0         76   gui_calccolordist.o
       104         16          0          0          0        232   gui_char.o
       458         36          0          4          0        472   gui_charline.o
       394         10          0          0          0        300   gui_charm.o
       308         10          0          0          0        384   gui_charp.o
       476         78          8         74        112        620   gui_core.o
       120          6          0          0         40         88   gui_curs1.o
       434         34          8          0          0        676   gui_device.o
       408          4          0          0          0        252   gui_dispstringinrect.o
       332          0          0          0          0        184   gui_dispstringinrectwrap.o
        44          0          0          0          0         88   gui_draw.o
       172          4          0          0          0         76   gui_drawfocusrect.o
        88          6          0          0          0         84   gui_drawhline.o
        80          6          0          0          0         80   gui_drawvline.o
        52          4          0          0          0        152   gui_exec.o
       160          0          0          0          0        152   gui_getbitmappixelindex.o
        10          0          0          0          0         68   gui_getclientrect.o
        48          0          0          0          0        152   gui_getcolor.o
        54         10          0          0          0        156   gui_getorg.o
        66         12          0          0          0        216   gui_goto.o
        88          0          0          0          0         76   gui_mergerect.o
        30          0          0          0          0         68   gui_moverect.o
       102         12          0         12         88        284   gui_onkey.o
        28          4          0          0          0         80   gui_pen.o
       248         36          0          8         72        444   gui_pid.o
        56          0          0          0          0         68   gui_rectsintersect.o
        32         10          0          0          0        136   gui_savecontext.o
       138         14          0          8          0        316   gui_selectlayer.o
        26          0          0          0          0         80   gui_selectlcd.o
        36          4          0         32          0         76   gui_setalpha.o
        44          0          0          0          0        160   gui_setcolor.o
        64          6          0          0          0         80   gui_setdefault.o
        24          0          0          0          0         76   gui_setdrawmode.o
        32          6          0          0          0         80   gui_setfont.o
        28          4          0          0          0         80   gui_setlinestyle.o
        64         16          0          0          0         88   gui_setorg.o
        32          6          0          0          0         80   gui_settextalign.o
        32          6          0          0          0         80   gui_settextmode.o
      1246         10          0          0          0        716   gui_sprite.o
       324         32          0         28          0        392   gui_task.o
       104          6          0          0          0         84   gui_time.o
       354         16          0         20          0        484   gui_timer.o
        44          6          0          0         12         84   gui_touch.o
       632         46          0         48         16        472   gui_touch_driveranalog.o
        36          6          0          0         12         68   gui_touch_storestate.o
        44          4          0          8          0         88   gui_touch_storeunstable.o
        84         10          0          0          0        168   gui_uc.o
        18          0         16          0          0        272   gui_uc_encodenone.o
        16          4          0         12          0         68   gui_waitevent.o
       198          0         24          0          0        244   guicc_0.o
        36          0         24          0          0        288   guicc_8888.o
         2          0          0          0          0         68   guicc_8888_index2color.o
         2          0          0          0          0         68   guicc_888_index2color.o
       250         42         24          8          0        412   guicc_m565.o
       794         38          0          0          0        680   guidev.o
      2324         66        116          4          0       1336   guidev_16.o
      2356         62        116          0          0       1440   guidev_32.o
       308         14          0          4          0        168   guidev_banding.o
        68          4          0          0          0         76   guidev_clear.o
        34          0          0          0          0         80   guidev_getdataptr.o
        52          6          0          0          0         80   guidev_getysize.o
        56          4          0          0          0         80   guidev_reduceysize.o
       100          4          0          0          0         80   guidev_setorg.o
       358         22          0          1          0        188   guidev_staticdevices.o
        84          0          0          0          0        164   guidev_usage.o
       424          4         24          0          0        460   guidev_usagebm.o
       116          4          0          0          0        148   guidev_write.o
       400         14          0          0          0         96   guidev_writetoactivealpha.o
      1868         16          8          0          0        492   guidev_writetoactiveopaque.o
      1730        118         12          4          0       1436   lcd.o
        16          6          0          4          0         68   lcd_aa.o
       260         26          0         16          0        388   lcd_color.o
        32         12          0          0          0        136   lcd_getcolorindex.o
       384         32          0          0          0       1340   lcd_getex.o
        26          0          0          0          0         80   lcd_getnumdisplays.o
         0          0        256          0          0          0   lcd_mirror.o
       504         18          0          0          0        184   lcd_readrect.o
        64         10          0          0          0         80   lcd_selectlcd.o
       220          0          0          0          0        420   lcd_set.o
        48         10          0          0          0         80   lcd_setcliprectex.o
        36          4          0          0          0         80   lcd_updatecolorindices.o
       368          8          0         16          0        276   text.o
        60          0          0          0          0         88   text_createindirect.o
        12          6          0          0          0         68   text_default.o
        84          0          0          0          0         80   text_settext.o
        42          0          0          0          0         80   text_settextalign.o
       472          4          0          4          0        480   widget.o
       284          8         28         20          0        340   widget_effect_3d.o
       466          8          0          4          0        348   window.o
      4704        228          0         97         24       4224   wm.o
        44          0          0          0          0         80   wm__foreachdesc.o
        18          0          0          0          0         76   wm__getfirstsibling.o
        40          8          0          0          0         80   wm__getfocussedchild.o
        24          0          0          0          0         76   wm__getlastsibling.o
        36          0          0          0          0         80   wm__getprevsibling.o
        46          0          0          0          0        148   wm__isancestor.o
        34          0          0          0          0         80   wm__ischild.o
        22          0          0          0          0         76   wm__isenabled.o
        60          6          0          4          0         88   wm__sendmessage.o
        28          0          0          0          0         92   wm__sendmessageifenabled.o
        38          0          0          0          0         80   wm__sendmessagenopara.o
       220          0          0          0          0         96   wm__updatechildpositions.o
       136          0          0          0          0         92   wm_bringtobottom.o
       138          6          0          0          0        228   wm_bringtotop.o
        60         12          0          0          0        136   wm_criticalhandle.o
        92          0          0          0          0        220   wm_enablewindow.o
        30          0          0          0          0         88   wm_foreachdesc.o
       102         10          0          0          0        248   wm_getclientrect.o
        22          0          0          0          0         80   wm_getclientwindow.o
        24         10          0          0          0         68   wm_getdesktopwindow.o
        20          4          0          0          0         68   wm_getdesktopwindowex.o
        98          0          0          0          0        164   wm_getdialogitem.o
        26          0          0          0          0         76   wm_getfirstchild.o
        32          8          0          0          0         76   wm_getfocussedwindow.o
        26          0          0          0          0         80   wm_getid.o
        32          0          0          0          0         80   wm_getorg.o
        26          0          0          0          0         76   wm_getparent.o
        30          0          0          0          0         80   wm_isfocussable.o
        24          0          0          0          0         76   wm_iswindow.o
       294          0          0          0          0        272   wm_move.o
        16          0          0          0          0         76   wm_notifyparent.o
        64          8          0          0          0         88   wm_onkey.o
        24          6          0          0         24         68   wm_pid__getprevstate.o
       244          0          0          0          0         88   wm_resizewindow.o
       204          6          0          0          0        324   wm_screen2win.o
        26          0          0          0          0         88   wm_sendmessagenopara.o
        38          0          0          0          0         92   wm_sendtoparent.o
        62          8          0          0          0        160   wm_setcapture.o
       168         10          0          0          0         88   wm_setfocus.o
       160          6          0          0          0        240   wm_setfocusonnextchild.o
        96          0          0          0          0        156   wm_setfocusonprevchild.o
        72          0          0          0          0         84   wm_setsize.o
        34          0          0          0          0         80   wm_settrans.o
        32          4          0          0          0         80   wm_setusercliprect.o
       100          0          0          0          0        160   wm_show.o
       124          0          0          0          0        164   wm_timer.o
      1108         46          0         12         72        344   wm_touch.o
        90          0          0          0          0          0   __dczerorl2.o
         8          0          0          0          0         68   __main.o
       104          0          0          0          0         84   __printf.o
         0          0          0          0          0          0   __rtentry.o
        12          0          0          0          0          0   __rtentry2.o
         6          0          0          0          0          0   __rtentry4.o
        52          8          0          0          0          0   __scatter.o
        28          0          0          0          0          0   __scatter_zi.o
        44          0          0          0          0        108   _printf_char.o
        48          6          0          0          0         96   _printf_char_common.o
        36          4          0          0          0         80   _printf_char_file.o
         6          0          0          0          0          0   _printf_d.o
       120         16          0          0          0         92   _printf_dec.o
        88          4         40          0          0         88   _printf_hex_int.o
       178          0          0          0          0         88   _printf_intcommon.o
         0          0          0          0          0          0   _printf_percent.o
         4          0          0          0          0          0   _printf_percent_end.o
         6          0          0          0          0          0   _printf_s.o
        82          0          0          0          0         80   _printf_str.o
         6          0          0          0          0          0   _printf_x.o
        22          0          0          0          0        100   _rserrno.o
        10          0          0          0          0         68   _sputc.o
        16          0          0          0          0         68   aeabi_memset.o
        18          0          0          0          0         80   exit.o
         8          0          0          0          0         68   ferror.o
         6          0          0          0          0        152   heapauxi.o
         2          0          0          0          0          0   libinit.o
         2          0          0          0          0          0   libinit2.o
         2          0          0          0          0          0   libshutdown.o
         2          0          0          0          0          0   libshutdown2.o
         8          4          0          0         96         68   libspace.o
       238          0          0          0          0        100   lludivv7m.o
        88          0          0          0          0         76   memcmp.o
        24          4          0          0          0         84   noretval__2printf.o
        40          6          0          0          0         84   noretval__2sprintf.o
         8          4          0          0          0         68   rt_errno_addr_intlibspace.o
        68          0          0          0          0         68   rt_memclr.o
        78          0          0          0          0         80   rt_memclr_w.o
       138          0          0          0          0         68   rt_memcpy_v6.o
       100          0          0          0          0         80   rt_memcpy_w.o
       132          0          0          0          0         68   rt_memmove_v6.o
       122          0          0          0          0         80   rt_memmove_w.o
         2          0          0          0          0          0   rtexit.o
        10          0          0          0          0          0   rtexit2.o
       128          0          0          0          0         68   strcmpv7m.o
        72          0          0          0          0         80   strcpy.o
        62          0          0          0          0         76   strlen.o
        74          0          0          0          0         80   sys_stackheap_outer.o
         2          0          0          0          0         68   use_no_semi.o
         2          0          0          0          0         68   use_no_semi_2.o
       826         16          0          0          0        348   daddsub_clz.o
        24          0          0          0          0         68   dcmpi.o
        90          4          0          0          0         92   dfixu.o
        84          0          0          0          0        136   dflt_clz.o
       120          4          0          0          0         92   dleqf.o
       340         12          0          0          0        104   dmul.o
       156          4          0          0          0         92   dnaninf.o
        12          0          0          0          0         68   dretinf.o
       108          0          0          0          0         80   drleqf.o
       460         56          0          0          0        120   dsqrt_noumaal.o
        86          4          0          0          0         84   f2d.o
       430          8          0          0          0        168   faddsub_clz.o
       388         76          0          0          0         96   fdiv.o
        54          4          0          0          0         84   ffix.o
        62          4          0          0          0         84   ffixu.o
        86          0          0          0          0        136   fflt_clz.o
       258          4          0          0          0         84   fmul.o
       140          4          0          0          0         84   fnaninf.o
        10          0          0          0          0         68   fretinf.o
         0          0          0          0          0          0   usenofp.o
        76          0          0          0          0         84   sqrt.o

    ----------------------------------------------------------------------
     44578       1918      17912        596        768      42992   Library Totals
       120          0          5          8          0          0   (incl. Padding)

    ----------------------------------------------------------------------

      Code (inc. data)   RO Data    RW Data    ZI Data      Debug   Library Name

     38246       1662      17867        588        672      38136   STemWin526_CM3_OS_Keil.lib
      2402         56         40          0         96       2684   c_w.l
      3734        200          0          0          0       2088   fz_ws.l
        76          0          0          0          0         84   m_ws.l

    ----------------------------------------------------------------------
     44578       1918      17912        596        768      42992   Library Totals

    ----------------------------------------------------------------------

==============================================================================


      Code (inc. data)   RO Data    RW Data    ZI Data      Debug   

    132438       5780      26874       1016      46112     780885   Grand Totals
    132438       5780      26874        224      46112     780885   ELF Image Totals (compressed)
    132438       5780      26874        224          0          0   ROM Totals

==============================================================================

    Total RO  Size (Code + RO Data)               159312 ( 155.58kB)
    Total RW  Size (RW Data + ZI Data)             47128 (  46.02kB)
    Total ROM Size (Code + RO Data + RW Data)     159536 ( 155.80kB)

==============================================================================

